Microchip MPLAB XC8 Compiler V2.41

Linker command line:

-W-3 \
  --edf=C:/Program Files/Microchip/MPLABX/v6.15/packs/Microchip/PIC18Fxxxx_DFP/1.4.151/xc8\pic\dat\20230323171731_en.msgs \
  -cn -h+dist/default/debug\Car_black_box.X.debug.sym \
  --cmf=dist/default/debug\Car_black_box.X.debug.cmf -z -Q18F4580 \
  -oC:\Users\MANIKA~1\AppData\Local\Temp\xcBse9c.1\driver_tmp_3.o \
  --defsym=__MPLAB_BUILD=1 --fixupoverflow=error \
  -Mdist/default/debug/Car_black_box.X.debug.map \
  --md=C:\Users\MANIKA~1\AppData\Local\Temp\xcBse9c.1\driver_tmp_0.dat -E1 \
  -ver=XC8 Compiler --acfsm=1493 -ACODE=00h-07FFFh -ACONST=00h-07FFFh \
  -ASMALLCONST=0600h-06FFhx122 -AMEDIUMCONST=0600h-07FFFh -ACOMRAM=01h-05Fh \
  -AABS1=00h-05FFh -ABIGRAM=01h-05FFh -ARAM=060h-0FFh,0100h-01FFhx5 \
  -ABANK0=060h-0FFh -ABANK1=0100h-01FFh -ABANK2=0200h-02FFh \
  -ABANK3=0300h-03FFh -ABANK4=0400h-04FFh -ABANK5=0500h-05FFh \
  -ASFR=0D00h-0DFFhx2,0F00h-0F5Fh,0F60h-0FFFh -ABIGSFR=0D00h-0FFFh \
  -ACONFIG=0300000h-030000Dh -AIDLOC=0200000h-0200007h \
  -AEEDATA=0F00000h-0F000FFh -peeprom_data=EEDATA \
  -preset_vec=00h,intcode=08h,intcodelo,powerup,init -pramtop=0600h \
  -psmallconst=SMALLCONST -pmediumconst=MEDIUMCONST -pconst=CONST \
  -AFARRAM=00h-00h \
  -prdata=COMRAM,nvrram=COMRAM,nvbit=COMRAM,rbss=COMRAM,rbit=COMRAM \
  -pfarbss=FARRAM,fardata=FARRAM,nvFARRAM=FARRAM \
  -pintsave_regs=BIGRAM,bigbss=BIGRAM,bigdata=BIGRAM -pbss=RAM \
  -pidata=CODE,irdata=CODE,ibigdata=CODE,ifardata=CODE -prparam=COMRAM \
  dist/default/debug\startup.o dist/default/debug\Car_black_box.X.debug.o 

Object code version is 3.11

Machine type is 18F4580



                Name                               Link     Load   Length Selector   Space Scale
dist/default/debug\startup.o
                config                           300000   300000        E        0       4
                init                                  E        E        4        4       0
                reset_vec                             0        0        4        0       0
dist/default/debug\Car_black_box.X.debug.o
                intcode                               8        8        6        4       0
                config                           300000   300000        E        0       4
                temp                                 5A       5A        1        1       1
                mediumconst                        7EF0     7EF0      110     3F78       0
                intcode_body                       1132     1132       4C        4       0
                text25                               12       12      39A        4       0
                text24                              9C0      9C0      106        4       0
                text23                              6D6      6D6      1B4        4       0
                text22                              DF4      DF4       B0        4       0
                text21                              FAA      FAA       74        4       0
                text20                             11F8     11F8       32        4       0
                text19                             12D2     12D2       18      93C       0
                text18                             10E0     10E0       52        4       0
                text17                             117E     117E       44        4       0
                text16                             12FC     12FC       12      93C       0
                text15                              AC6      AC6       F6        4       0
                text14                             122A     122A       2A        4       0
                text13                             129A     129A       1E      93C       0
                text12                              D44      D44       B0        4       0
                text11                             130E     130E        E      93C       0
                text10                             12B8     12B8       1A      93C       0
                text9                              12EA     12EA       12      93C       0
                text8                              1084     1084       5C        4       0
                text7                               C80      C80       C4        4       0
                text6                               BBC      BBC       C4        4       0
                text5                               3AC      3AC      32A        4       0
                text4                              11C2     11C2       36        4       0
                text3                               EA4      EA4       90        4       0
                text2                               F34      F34       76        4       0
                text1                              1278     1278       22      93C       0
                text0                               88A      88A      136        4       0
                cstackCOMRAM                          1        1       3C        1       1
                dataBANK0                            60       60       23       60       1
                bssBANK0                             83       83        5       60       1
                dataCOMRAM                           53       53        7        1       1
                bssCOMRAM                            3D       3D       16        1       1
                cinit                              101E     101E       66        4       0
                idataBANK0                         1254     1254       23        4       0
                idataCOMRAM                        131C     131C        7      93C       0

TOTAL           Name                               Link     Load   Length     Space
        CLASS   CODE           
                intcode                               8        8        6         0
                init                                  E        E        4         0
                reset_vec                             0        0        4         0
                intcode_body                       1132     1132       4C         0
                text25                               12       12      39A         0
                text24                              9C0      9C0      106         0
                text23                              6D6      6D6      1B4         0
                text22                              DF4      DF4       B0         0
                text21                              FAA      FAA       74         0
                text20                             11F8     11F8       32         0
                text19                             12D2     12D2       18         0
                text18                             10E0     10E0       52         0
                text17                             117E     117E       44         0
                text16                             12FC     12FC       12         0
                text15                              AC6      AC6       F6         0
                text14                             122A     122A       2A         0
                text13                             129A     129A       1E         0
                text12                              D44      D44       B0         0
                text11                             130E     130E        E         0
                text10                             12B8     12B8       1A         0
                text9                              12EA     12EA       12         0
                text8                              1084     1084       5C         0
                text7                               C80      C80       C4         0
                text6                               BBC      BBC       C4         0
                text5                               3AC      3AC      32A         0
                text4                              11C2     11C2       36         0
                text3                               EA4      EA4       90         0
                text2                               F34      F34       76         0
                text1                              1278     1278       22         0
                text0                               88A      88A      136         0
                cinit                              101E     101E       66         0
                idataBANK0                         1254     1254       23         0
                idataCOMRAM                        131C     131C        7         0

        CLASS   CONST          

        CLASS   SMALLCONST     

        CLASS   MEDIUMCONST    
                mediumconst                        7EF0     7EF0      110         0

        CLASS   COMRAM         
                temp                                 5A       5A        1         1
                cstackCOMRAM                          1        1       3C         1
                dataCOMRAM                           53       53        7         1
                bssCOMRAM                            3D       3D       16         1

        CLASS   ABS1           

        CLASS   BIGRAM         

        CLASS   RAM            

        CLASS   BANK0          
                dataBANK0                            60       60       23         1
                bssBANK0                             83       83        5         1

        CLASS   BANK1          

        CLASS   BANK2          

        CLASS   BANK3          

        CLASS   BANK4          

        CLASS   BANK5          

        CLASS   SFR            

        CLASS   BIGSFR         

        CLASS   CONFIG         
                config                           300000   300000        E         4

        CLASS   IDLOC          

        CLASS   EEDATA         

        CLASS   FARRAM         

        CLASS   HEAP           

        CLASS   STACK          



SEGMENTS        Name                           Load    Length   Top    Selector   Space  Class

                reset_vec                      000000  000004  000004         0       0  CODE    
                cstackCOMRAM                   000001  00005A  00005B         1       1  COMRAM  
                intcode                        000008  00126F  001277         4       0  CODE    
                dataBANK0                      000060  000028  000088        60       1  BANK0   
                text1                          001278  0000AB  001323       93C       0  CODE    
                mediumconst                    007EF0  000110  008000      3F78       0  MEDIUMCO


UNUSED ADDRESS RANGES

        Name                Unused          Largest block    Delta
        BANK0            000088-0000FF               78
        BANK1            000100-0001FF              100
        BANK2            000200-0002FF              100
        BANK3            000300-0003FF              100
        BANK4            000400-0004FF              100
        BANK5            000500-0005FF              100
        BIGRAM           00005B-00005F                5
                         000088-0005FF              578
        BIGSFR           000D00-000FFF              300
        CODE             000004-000007                4
                         001277-001277                1
                         001323-007EEF             6BCD
        COMRAM           00005B-00005F                5
        CONST            000004-000007                4
                         001277-001277                1
                         001323-007EEF             6BCD
        EEDATA           F00000-F000FF              100
        IDLOC            200000-200007                8
        MEDIUMCONST      001277-001277                1
                         001323-007EEF             6BCD
        RAM              000088-0005FF              100
        SFR              000D00-000FFF              100
        SMALLCONST       001277-001277                1
                         001323-007EEF              100

                                  Symbol Table

?___awdiv                  cstackCOMRAM 000001
?___awmod                  cstackCOMRAM 000009
?___fldiv                  cstackCOMRAM 000014
?___fltol                  cstackCOMRAM 00002D
?___lwdiv                  cstackCOMRAM 000001
?___xxtofl                 cstackCOMRAM 000006
?_read_adc                 cstackCOMRAM 000001
_ACQT0                     (abs)        007E03
_ACQT1                     (abs)        007E04
_ACQT2                     (abs)        007E05
_ADCON0                    (abs)        000FC2
_ADCS0                     (abs)        007E00
_ADCS1                     (abs)        007E01
_ADCS2                     (abs)        007E02
_ADFM                      (abs)        007E07
_ADON                      (abs)        007E10
_ADRESH                    (abs)        000FC4
_ADRESL                    (abs)        000FC3
_GIE                       (abs)        007F97
_GO                        (abs)        007E11
_PCFG0                     (abs)        007E08
_PCFG1                     (abs)        007E09
_PCFG2                     (abs)        007E0A
_PCFG3                     (abs)        007E0B
_PEIE                      (abs)        007F96
_PORTB                     (abs)        000F81
_PORTBbits                 (abs)        000F81
_PORTCbits                 (abs)        000F82
_PORTD                     (abs)        000F83
_PORTDbits                 (abs)        000F83
_PR2                       (abs)        000FCB
_PSA                       (abs)        007EAB
_RBPU                      (abs)        007F8F
_T08BIT                    (abs)        007EAE
_T0CS                      (abs)        007EAD
_T2CKPS0                   (abs)        007E50
_T2CKPS1                   (abs)        007E51
_TMR0                      (abs)        000FD6
_TMR0IE                    (abs)        007F95
_TMR0IF                    (abs)        007F92
_TMR0ON                    (abs)        007EAF
_TMR2IE                    (abs)        007CE9
_TMR2ON                    (abs)        007E52
_TRISB                     (abs)        000F93
_TRISC                     (abs)        000F94
_TRISD                     (abs)        000F95
_TRISD7                    (abs)        007CAF
_VCFG0                     (abs)        007E0C
_VCFG1                     (abs)        007E0D
__HRAM                     (abs)        000000
__H__absolute__            __absolute__ 000000
__Habs1                    abs1         000000
__Hbank0                   bank0        000000
__Hbank1                   bank1        000000
__Hbank2                   bank2        000000
__Hbank3                   bank3        000000
__Hbank4                   bank4        000000
__Hbank5                   bank5        000000
__Hbigbss                  bigbss       000000
__Hbigdata                 bigdata      000000
__Hbigram                  bigram       000000
__Hbigsfr                  bigsfr       000000
__Hbss                     bss          000000
__HbssBANK0                bssBANK0     000000
__HbssCOMRAM               bssCOMRAM    000000
__Hcinit                   cinit        000000
__Hclrtext                 clrtext      000000
__Hcomram                  comram       000000
__Hconfig                  config       30000E
__Hconst                   const        000000
__HcstackCOMRAM            cstackCOMRAM 000000
__Hdata                    data         000000
__HdataBANK0               dataBANK0    000000
__HdataCOMRAM              dataCOMRAM   000000
__Heeprom_data             eeprom_data  000000
__Hfarbss                  farbss       000000
__Hfardata                 fardata      000000
__Hheap                    heap         000000
__Hibigdata                ibigdata     000000
__Hidata                   idata        000000
__HidataBANK0              idataBANK0   000000
__HidataCOMRAM             idataCOMRAM  000000
__Hidloc                   idloc        000000
__Hifardata                ifardata     000000
__Hinit                    init         000012
__Hintcode                 intcode      00000E
__Hintcode_body            intcode_body 000000
__Hintcodelo               intcodelo    00000E
__Hintentry                intentry     000000
__Hintret                  intret       000000
__Hintsave_regs            intsave_regs 000000
__Hirdata                  irdata       000000
__Hmediumconst             mediumconst  008000
__HnvFARRAM                nvFARRAM     000000
__Hnvbit                   nvbit        000000
__Hnvrram                  nvrram       000000
__Hparam                   rparam       000000
__Hpowerup                 powerup      00000E
__Hram                     ram          000000
__Hramtop                  ramtop       000600
__Hrbit                    rbit         000000
__Hrbss                    rbss         000000
__Hrdata                   rdata        000000
__Hreset_vec               reset_vec    000004
__Hrparam                  rparam       000000
__Hsfr                     sfr          000000
__Hsmallconst              smallconst   000000
__Hspace_0                 (abs)        008000
__Hspace_1                 (abs)        000088
__Hspace_2                 (abs)        000000
__Hspace_4                 (abs)        60000E
__Hstack                   stack        000000
__Hstruct                  struct       000000
__Htemp                    temp         00005B
__Htext                    text         000000
__Htext0                   text0        000000
__Htext1                   text1        000000
__Htext10                  text10       000000
__Htext11                  text11       000000
__Htext12                  text12       000000
__Htext13                  text13       000000
__Htext14                  text14       000000
__Htext15                  text15       000000
__Htext16                  text16       000000
__Htext17                  text17       000000
__Htext18                  text18       000000
__Htext19                  text19       000000
__Htext2                   text2        000000
__Htext20                  text20       000000
__Htext21                  text21       000000
__Htext22                  text22       000000
__Htext23                  text23       000000
__Htext24                  text24       000000
__Htext25                  text25       000000
__Htext3                   text3        000000
__Htext4                   text4        000000
__Htext5                   text5        000000
__Htext6                   text6        000000
__Htext7                   text7        000000
__Htext8                   text8        000000
__Htext9                   text9        000000
__LRAM                     (abs)        000001
__L__absolute__            __absolute__ 000000
__Labs1                    abs1         000000
__Lbank0                   bank0        000000
__Lbank1                   bank1        000000
__Lbank2                   bank2        000000
__Lbank3                   bank3        000000
__Lbank4                   bank4        000000
__Lbank5                   bank5        000000
__Lbigbss                  bigbss       000000
__Lbigdata                 bigdata      000000
__Lbigram                  bigram       000000
__Lbigsfr                  bigsfr       000000
__Lbss                     bss          000000
__LbssBANK0                bssBANK0     000000
__LbssCOMRAM               bssCOMRAM    000000
__Lcinit                   cinit        000000
__Lclrtext                 clrtext      000000
__Lcomram                  comram       000000
__Lconfig                  config       000000
__Lconst                   const        000000
__LcstackCOMRAM            cstackCOMRAM 000000
__Ldata                    data         000000
__LdataBANK0               dataBANK0    000000
__LdataCOMRAM              dataCOMRAM   000000
__Leeprom_data             eeprom_data  000000
__Lfarbss                  farbss       000000
__Lfardata                 fardata      000000
__Lheap                    heap         000000
__Libigdata                ibigdata     000000
__Lidata                   idata        000000
__LidataBANK0              idataBANK0   000000
__LidataCOMRAM             idataCOMRAM  000000
__Lidloc                   idloc        000000
__Lifardata                ifardata     000000
__Linit                    init         00000E
__Lintcode                 intcode      000008
__Lintcode_body            intcode_body 000000
__Lintcodelo               intcodelo    00000E
__Lintentry                intentry     000000
__Lintret                  intret       000000
__Lintsave_regs            intsave_regs 000000
__Lirdata                  irdata       000000
__Lmediumconst             mediumconst  007EF0
__LnvFARRAM                nvFARRAM     000000
__Lnvbit                   nvbit        000000
__Lnvrram                  nvrram       000000
__Lparam                   rparam       000000
__Lpowerup                 powerup      00000E
__Lram                     ram          000000
__Lramtop                  ramtop       000600
__Lrbit                    rbit         000000
__Lrbss                    rbss         000000
__Lrdata                   rdata        000000
__Lreset_vec               reset_vec    000000
__Lrparam                  rparam       000000
__Lsfr                     sfr          000000
__Lsmallconst              smallconst   000000
__Lspace_0                 (abs)        000000
__Lspace_1                 (abs)        000000
__Lspace_2                 (abs)        000000
__Lspace_4                 (abs)        000000
__Lstack                   stack        000000
__Lstruct                  struct       000000
__Ltemp                    temp         00005A
__Ltext                    text         000000
__Ltext0                   text0        000000
__Ltext1                   text1        000000
__Ltext10                  text10       000000
__Ltext11                  text11       000000
__Ltext12                  text12       000000
__Ltext13                  text13       000000
__Ltext14                  text14       000000
__Ltext15                  text15       000000
__Ltext16                  text16       000000
__Ltext17                  text17       000000
__Ltext18                  text18       000000
__Ltext19                  text19       000000
__Ltext2                   text2        000000
__Ltext20                  text20       000000
__Ltext21                  text21       000000
__Ltext22                  text22       000000
__Ltext23                  text23       000000
__Ltext24                  text24       000000
__Ltext25                  text25       000000
__Ltext3                   text3        000000
__Ltext4                   text4        000000
__Ltext5                   text5        000000
__Ltext6                   text6        000000
__Ltext7                   text7        000000
__Ltext8                   text8        000000
__Ltext9                   text9        000000
__S0                       (abs)        008000
__S1                       (abs)        000088
__S4                       (abs)        000000
__S5                       (abs)        000000
___awdiv                   text7        000C80
___awdiv@counter           cstackCOMRAM 000005
___awdiv@dividend          cstackCOMRAM 000001
___awdiv@divisor           cstackCOMRAM 000003
___awdiv@quotient          cstackCOMRAM 000007
___awdiv@sign              cstackCOMRAM 000006
___awmod                   text22       000DF4
___awmod@counter           cstackCOMRAM 00000D
___awmod@dividend          cstackCOMRAM 000009
___awmod@divisor           cstackCOMRAM 00000B
___awmod@sign              cstackCOMRAM 00000E
___fldiv                   text25       000012
___fldiv@a                 cstackCOMRAM 000018
___fldiv@aexp              cstackCOMRAM 00002C
___fldiv@b                 cstackCOMRAM 000014
___fldiv@bexp              cstackCOMRAM 00002B
___fldiv@grs               cstackCOMRAM 000027
___fldiv@new_exp           cstackCOMRAM 000025
___fldiv@rem               cstackCOMRAM 000020
___fldiv@sign              cstackCOMRAM 000024
___fltol                   text24       0009C0
___fltol@exp1              cstackCOMRAM 000036
___fltol@f1                cstackCOMRAM 00002D
___fltol@sign1             cstackCOMRAM 000035
___heap_hi                 (abs)        000000
___heap_lo                 (abs)        000000
___inthi_sp                stack        000000
___intlo_sp                stack        000000
___lwdiv                   text21       000FAA
___lwdiv@counter           cstackCOMRAM 000007
___lwdiv@dividend          cstackCOMRAM 000001
___lwdiv@divisor           cstackCOMRAM 000003
___lwdiv@quotient          cstackCOMRAM 000005
___param_bank              (abs)        000000
___rparam_used             (abs)        000001
___sp                      stack        000000
___xxtofl                  text23       0006D6
___xxtofl@arg              cstackCOMRAM 000010
___xxtofl@exp              cstackCOMRAM 00000F
___xxtofl@sign             cstackCOMRAM 00000E
___xxtofl@val              cstackCOMRAM 000006
__accesstop                (abs)        000060
__activetblptr             (abs)        000002
__end_of___awdiv           text7        000D44
__end_of___awmod           text22       000EA4
__end_of___fldiv           text25       0003AC
__end_of___fltol           text24       000AC6
__end_of___lwdiv           text21       00101E
__end_of___xxtofl          text23       00088A
__end_of__initialization   cinit        001076
__end_of_clcd_print        text17       0011C2
__end_of_clcd_putch        text19       0012EA
__end_of_clcd_write        text20       00122A
__end_of_display_dashboard text14       001254
__end_of_display_speed     text18       001132
__end_of_display_time      text16       00130E
__end_of_gear_monitor      text15       000BBC
__end_of_init_adc          text13       0012B8
__end_of_init_clcd         text12       000DF4
__end_of_init_config       text9        0012FC
__end_of_init_matrixkeypad text11       00131C
__end_of_init_timer0       text10       0012D2
__end_of_isr               intcode_body 00117E
__end_of_logscreen         text5        0006D6
__end_of_main              text0        0009C0
__end_of_mystrcmp          text8        0010E0
__end_of_read_adc          text4        0011F8
__end_of_read_switches     text2        000FAA
__end_of_scan_key          text3        000F34
__end_of_scrolllog         text1        00129A
__end_of_timeleft          text6        000C80
__initialization           cinit        00101E
__mediumconst              mediumconst  007EF0
__pbssBANK0                bssBANK0     000083
__pbssCOMRAM               bssCOMRAM    00003D
__pcinit                   cinit        00101E
__pcstackCOMRAM            cstackCOMRAM 000001
__pdataBANK0               dataBANK0    000060
__pdataCOMRAM              dataCOMRAM   000053
__pidataBANK0              idataBANK0   001254
__pidataCOMRAM             idataCOMRAM  00131C
__pintcode                 intcode      000008
__pintcode_body            intcode_body 001132
__pmediumconst             mediumconst  007EF0
__ptext0                   text0        00088A
__ptext1                   text1        001278
__ptext10                  text10       0012B8
__ptext11                  text11       00130E
__ptext12                  text12       000D44
__ptext13                  text13       00129A
__ptext14                  text14       00122A
__ptext15                  text15       000AC6
__ptext16                  text16       0012FC
__ptext17                  text17       00117E
__ptext18                  text18       0010E0
__ptext19                  text19       0012D2
__ptext2                   text2        000F34
__ptext20                  text20       0011F8
__ptext21                  text21       000FAA
__ptext22                  text22       000DF4
__ptext23                  text23       0006D6
__ptext24                  text24       0009C0
__ptext25                  text25       000012
__ptext3                   text3        000EA4
__ptext4                   text4        0011C2
__ptext5                   text5        0003AC
__ptext6                   text6        000BBC
__ptext7                   text7        000C80
__ptext8                   text8        001084
__ptext9                   text9        0012EA
__ramtop                   ramtop       000600
__smallconst               smallconst   000000
_blink                     bssCOMRAM    000047
_blinkflag                 bssCOMRAM    000045
_clcd_print                text17       00117E
_clcd_putch                text19       0012D2
_clcd_write                text20       0011F8
_compareflag               bssCOMRAM    000041
_controlflag               dataCOMRAM   000057
_display_dashboard         text14       00122A
_display_speed             text18       0010E0
_display_time              text16       0012FC
_enterflag                 bssCOMRAM    000043
_gear_monitor              text15       000AC6
_i                         bssCOMRAM    00004F
_init_adc                  text13       00129A
_init_clcd                 text12       000D44
_init_config               text9        0012EA
_init_matrixkeypad         text11       00130E
_init_timer0               text10       0012B8
_isr                       intcode      000008
_logout                    bssCOMRAM    00004D
_logscreen                 text5        0003AC
_main                      text0        00088A
_min                       bssCOMRAM    000049
_mystrcmp                  text8        001084
_notpressed                dataBANK0    00007A
_pass                      dataBANK0    00007E
_read_adc                  text4        0011C2
_read_switches             text2        000F34
_scan_key                  text3        000EA4
_scrolling                 dataBANK0    000070
_scrolllog                 text1        001278
_sec                       dataCOMRAM   000055
_signature                 dataBANK0    000060
_timeleft                  text6        000BBC
_tryflag                   dataCOMRAM   000053
_uckey                     bssBANK0     000083
_wait                      bssCOMRAM    00003D
btemp                      temp         00005A
clcd_print@addr            cstackCOMRAM 000005
clcd_print@data            cstackCOMRAM 000003
clcd_putch@addr            cstackCOMRAM 00000F
clcd_putch@data            cstackCOMRAM 000010
clcd_write@byte            cstackCOMRAM 000002
clcd_write@control_bit     cstackCOMRAM 000001
display_dashboard@uckey    cstackCOMRAM 000016
display_dashboard@usads    cstackCOMRAM 000014
display_speed@usadc        cstackCOMRAM 000011
end_of_initialization      cinit        001076
gear_monitor@crashflag     bssCOMRAM    000051
gear_monitor@signindex     bssCOMRAM    000052
gear_monitor@uckey         cstackCOMRAM 000013
int$flags                  temp         00005A
int_func                   intcode_body 001132
intlevel0                  text         000000
intlevel1                  text         000000
intlevel2                  text         000000
intlevel3                  text         000000
isa$std                    (abs)        000001
isa$xinst                  (abs)        000000
isr@count                  bssCOMRAM    00004B
logscreen@key              cstackCOMRAM 000011
main@uc1Key                cstackCOMRAM 00003B
main@ucKey                 cstackCOMRAM 00003C
main@usAdc                 cstackCOMRAM 000039
mystrcmp@i                 cstackCOMRAM 000007
mystrcmp@s1                cstackCOMRAM 000001
mystrcmp@s2                cstackCOMRAM 000003
read_adc@channel           cstackCOMRAM 000005
read_switches@ucdetection  cstackCOMRAM 000001
read_switches@uckey        bssCOMRAM    000050
read_switches@uconce       dataCOMRAM   000059
stackhi                    (abs)        000000
stacklo                    (abs)        000000
start                      init         00000E
start_initialization       cinit        00101E
ttemp5                     temp         00005B
ttemp6                     temp         00005E
ttemp7                     temp         000062
wtemp8                     temp         00005B


MODULE INFORMATION

Module		Function		Class		Link	Load	Size
C:\Program Files\Microchip\xc8\v2.41\pic\sources\c99\common\awmod.c
		___awmod       		CODE           	0DF4	0000	176

C:\Program Files\Microchip\xc8\v2.41\pic\sources\c99\common\awmod.c estimated size: 176

password.c
		_mystrcmp      		CODE           	1084	0000	92
		_timeleft      		CODE           	0BBC	0000	196
		_logscreen     		CODE           	03AC	0000	810

password.c estimated size: 1098

car_black_box.c
		_display_time  		CODE           	12FC	0000	18
		_display_speed 		CODE           	10E0	0000	82
		_display_dashboard		CODE           	122A	0000	42
		_gear_monitor  		CODE           	0AC6	0000	246

car_black_box.c estimated size: 388

scrolldisplay.c
		_scrolllog     		CODE           	1278	0000	34

scrolldisplay.c estimated size: 34

C:\Program Files\Microchip\xc8\v2.41\pic\sources\c99\common\fltol.c
		___fltol       		CODE           	09C0	0000	262

C:\Program Files\Microchip\xc8\v2.41\pic\sources\c99\common\fltol.c estimated size: 262

C:\Program Files\Microchip\xc8\v2.41\pic\sources\c99\common\xxtofl.c
		___xxtofl      		CODE           	06D6	0000	436

C:\Program Files\Microchip\xc8\v2.41\pic\sources\c99\common\xxtofl.c estimated size: 436

C:\Program Files\Microchip\xc8\v2.41\pic\sources\c99\common\lwdiv.c
		___lwdiv       		CODE           	0FAA	0000	116

C:\Program Files\Microchip\xc8\v2.41\pic\sources\c99\common\lwdiv.c estimated size: 116

C:\Program Files\Microchip\xc8\v2.41\pic\sources\c99\common\awdiv.c
		___awdiv       		CODE           	0C80	0000	196

C:\Program Files\Microchip\xc8\v2.41\pic\sources\c99\common\awdiv.c estimated size: 196

timer0.c
		_init_timer0   		CODE           	12B8	0000	26

timer0.c estimated size: 26

adc.c
		_init_adc      		CODE           	129A	0000	30
		_read_adc      		CODE           	11C2	0000	54

adc.c estimated size: 84

isr.c
		_isr           		CODE           	0008	0000	82

isr.c estimated size: 82

shared
		__initialization		CODE           	101E	0000	88

shared estimated size: 88

clcd.c
		_clcd_write    		CODE           	11F8	0000	50
		_clcd_print    		CODE           	117E	0000	68
		_clcd_putch    		CODE           	12D2	0000	24
		_init_clcd     		CODE           	0D44	0000	176

clcd.c estimated size: 318

matrixkeyboard.c
		_read_switches 		CODE           	0F34	0000	118
		_scan_key      		CODE           	0EA4	0000	144
		_init_matrixkeypad		CODE           	130E	0000	14

matrixkeyboard.c estimated size: 276

main.c
		_main          		CODE           	088A	0000	310
		_init_config   		CODE           	12EA	0000	18

main.c estimated size: 328

C:\Program Files\Microchip\xc8\v2.41\pic\sources\c99\common\sprcdiv.c
		___fldiv       		CODE           	0012	0000	922

C:\Program Files\Microchip\xc8\v2.41\pic\sources\c99\common\sprcdiv.c estimated size: 922

