Microchip MPLAB XC8 Compiler V2.41

Linker command line:

-W-3 \
  --edf=C:/Program Files/Microchip/MPLABX/v6.15/packs/Microchip/PIC18Fxxxx_DFP/1.4.151/xc8\pic\dat\20230323171731_en.msgs \
  -cn -h+dist/default/production\Car_black_box.X.production.sym \
  --cmf=dist/default/production\Car_black_box.X.production.cmf -z -Q18F4580 \
  -oC:\Users\MANIKA~1\AppData\Local\Temp\xcAsm78.\driver_tmp_3.o \
  --defsym=__MPLAB_BUILD=1 --fixupoverflow=error \
  -Mdist/default/production/Car_black_box.X.production.map \
  --md=C:\Users\MANIKA~1\AppData\Local\Temp\xcAsm78.\driver_tmp_0.dat -E1 \
  -ver=XC8 Compiler --acfsm=1493 -ACODE=00h-07FFFh -ACONST=00h-07FFFh \
  -ASMALLCONST=0600h-06FFhx122 -AMEDIUMCONST=0600h-07FFFh -ACOMRAM=01h-05Fh \
  -AABS1=00h-05FFh -ABIGRAM=01h-05FFh -ARAM=060h-0FFh,0100h-01FFhx5 \
  -ABANK0=060h-0FFh -ABANK1=0100h-01FFh -ABANK2=0200h-02FFh \
  -ABANK3=0300h-03FFh -ABANK4=0400h-04FFh -ABANK5=0500h-05FFh \
  -ASFR=0D00h-0DFFhx2,0F00h-0F5Fh,0F60h-0FFFh -ABIGSFR=0D00h-0FFFh \
  -ACONFIG=0300000h-030000Dh -AIDLOC=0200000h-0200007h \
  -AEEDATA=0F00000h-0F000FFh -peeprom_data=EEDATA \
  -preset_vec=00h,intcode=08h,intcodelo,powerup,init -pramtop=0600h \
  -psmallconst=SMALLCONST -pmediumconst=MEDIUMCONST -pconst=CONST \
  -AFARRAM=00h-00h \
  -prdata=COMRAM,nvrram=COMRAM,nvbit=COMRAM,rbss=COMRAM,rbit=COMRAM \
  -pfarbss=FARRAM,fardata=FARRAM,nvFARRAM=FARRAM \
  -pintsave_regs=BIGRAM,bigbss=BIGRAM,bigdata=BIGRAM -pbss=RAM \
  -pidata=CODE,irdata=CODE,ibigdata=CODE,ifardata=CODE -prparam=COMRAM \
  C:\Users\MANIKA~1\AppData\Local\Temp\xcAsm78.\driver_tmp_9.o \
  dist/default/production\Car_black_box.X.production.o 

Object code version is 3.11

Machine type is 18F4580



                Name                               Link     Load   Length Selector   Space Scale
C:\Users\MANIKA~1\AppData\Local\Temp\xcAsm78.\driver_tmp_9.o
                config                           300000   300000        E        0       4
                init                                  E        E        4        4       0
                reset_vec                             0        0        4        0       0
dist/default/production\Car_black_box.X.production.o
                intcode                               8        8        6        4       0
                config                           300000   300000        E        0       4
                temp                                 5D       5D        1        1       1
                smallconst                          600      600       EC      300       0
                intcode_body                       1E02     1E02       4C      376       0
                text45                             176C     176C       B0      376       0
                text44                             1ADC     1ADC       74      376       0
                text43                             1F0C     1F0C       32      376       0
                text42                             1FFC     1FFC       18      FC6       0
                text41                             1DB0     1DB0       52      376       0
                text40                             1BBC     1BBC       6C      376       0
                text39                             203C     203C       12      FC6       0
                text38                             20A8     20A8        6     1044       0
                text37                             202A     202A       12      FC6       0
                text36                             20A0     20A0        8     1044       0
                text35                             2068     2068        C      FC6       0
                text34                             2098     2098        8     1044       0
                text33                             2090     2090        8     1044       0
                text32                             2088     2088        8     1044       0
                text31                             205C     205C        C      FC6       0
                text30                             1F3E     1F3E       2A      376       0
                text29                             19E2     19E2       84      376       0
                text28                             2074     2074        A      FC6       0
                text27                             142E     142E       F6      376       0
                text26                             1D54     1D54       5C      376       0
                text25                              6EC      6EC      39A      376       0
                text24                             1328     1328      106      376       0
                text23                             1C8E     1C8E       64      376       0
                text22                              DD2      DD2      1B4      376       0
                text21                             1ED6     1ED6       36      376       0
                text20                             181C     181C       A6      376       0
                text19                             1E96     1E96       40      376       0
                text18                             1CF2     1CF2       62      376       0
                text17                             1952     1952       90      376       0
                text16                             1FAA     1FAA       1E      FC6       0
                text15                             16AE     16AE       BE      376       0
                text14                             1F8C     1F8C       1E      FC6       0
                text13                             1E4E     1E4E       48      376       0
                text12                             2014     2014       16      FC6       0
                text11                             204E     204E        E      FC6       0
                text10                             1FE2     1FE2       1A      FC6       0
                text9                              1FC8     1FC8       1A      FC6       0
                text8                              1B50     1B50       6C      376       0
                text7                              15EA     15EA       C4      376       0
                text6                              1524     1524       C6      376       0
                text5                               A86      A86      34C      376       0
                text4                              18C2     18C2       90      376       0
                text3                              1A66     1A66       76      376       0
                text2                              10F6     10F6      11C      376       0
                text1                               F86      F86      170      376       0
                text0                              1212     1212      116      376       0
                cstackCOMRAM                          1        1       41        1       1
                dataBANK0                            8D       8D       23       60       1
                bssBANK0                             60       60       2D       60       1
                dataCOMRAM                           54       54        9        1       1
                bssCOMRAM                            42       42       12        1       1
                cinit                              1C28     1C28       66      376       0
                idataBANK0                         1F68     1F68       23      376       0
                idataCOMRAM                        207E     207E        9      FC6       0

TOTAL           Name                               Link     Load   Length     Space
        CLASS   CODE           
                intcode                               8        8        6         0
                init                                  E        E        4         0
                reset_vec                             0        0        4         0
                intcode_body                       1E02     1E02       4C         0
                text45                             176C     176C       B0         0
                text44                             1ADC     1ADC       74         0
                text43                             1F0C     1F0C       32         0
                text42                             1FFC     1FFC       18         0
                text41                             1DB0     1DB0       52         0
                text40                             1BBC     1BBC       6C         0
                text39                             203C     203C       12         0
                text38                             20A8     20A8        6         0
                text37                             202A     202A       12         0
                text36                             20A0     20A0        8         0
                text35                             2068     2068        C         0
                text34                             2098     2098        8         0
                text33                             2090     2090        8         0
                text32                             2088     2088        8         0
                text31                             205C     205C        C         0
                text30                             1F3E     1F3E       2A         0
                text29                             19E2     19E2       84         0
                text28                             2074     2074        A         0
                text27                             142E     142E       F6         0
                text26                             1D54     1D54       5C         0
                text25                              6EC      6EC      39A         0
                text24                             1328     1328      106         0
                text23                             1C8E     1C8E       64         0
                text22                              DD2      DD2      1B4         0
                text21                             1ED6     1ED6       36         0
                text20                             181C     181C       A6         0
                text19                             1E96     1E96       40         0
                text18                             1CF2     1CF2       62         0
                text17                             1952     1952       90         0
                text16                             1FAA     1FAA       1E         0
                text15                             16AE     16AE       BE         0
                text14                             1F8C     1F8C       1E         0
                text13                             1E4E     1E4E       48         0
                text12                             2014     2014       16         0
                text11                             204E     204E        E         0
                text10                             1FE2     1FE2       1A         0
                text9                              1FC8     1FC8       1A         0
                text8                              1B50     1B50       6C         0
                text7                              15EA     15EA       C4         0
                text6                              1524     1524       C6         0
                text5                               A86      A86      34C         0
                text4                              18C2     18C2       90         0
                text3                              1A66     1A66       76         0
                text2                              10F6     10F6      11C         0
                text1                               F86      F86      170         0
                text0                              1212     1212      116         0
                cinit                              1C28     1C28       66         0
                idataBANK0                         1F68     1F68       23         0
                idataCOMRAM                        207E     207E        9         0

        CLASS   CONST          

        CLASS   SMALLCONST     
                smallconst                          600      600       EC         0

        CLASS   MEDIUMCONST    

        CLASS   COMRAM         
                temp                                 5D       5D        1         1
                cstackCOMRAM                          1        1       41         1
                dataCOMRAM                           54       54        9         1
                bssCOMRAM                            42       42       12         1

        CLASS   ABS1           

        CLASS   BIGRAM         

        CLASS   RAM            

        CLASS   BANK0          
                dataBANK0                            8D       8D       23         1
                bssBANK0                             60       60       2D         1

        CLASS   BANK1          

        CLASS   BANK2          

        CLASS   BANK3          

        CLASS   BANK4          

        CLASS   BANK5          

        CLASS   SFR            

        CLASS   BIGSFR         

        CLASS   CONFIG         
                config                           300000   300000        E         4

        CLASS   IDLOC          

        CLASS   EEDATA         

        CLASS   FARRAM         

        CLASS   HEAP           

        CLASS   STACK          



SEGMENTS        Name                           Load    Length   Top    Selector   Space  Class

                reset_vec                      000000  000004  000004         0       0  CODE    
                cstackCOMRAM                   000001  00005D  00005E         1       1  COMRAM  
                intcode                        000008  00000A  000012         4       0  CODE    
                bssBANK0                       000060  000050  0000B0        60       1  BANK0   
                smallconst                     000600  0000EC  0006EC       300       0  SMALLCON
                text25                         0006EC  00189F  001F8B       376       0  CODE    
                text14                         001F8C  0000FB  002087       FC6       0  CODE    
                text32                         002088  000026  0020AE      1044       0  CODE    


UNUSED ADDRESS RANGES

        Name                Unused          Largest block    Delta
        BANK0            0000B0-0000FF               50
        BANK1            000100-0001FF              100
        BANK2            000200-0002FF              100
        BANK3            000300-0003FF              100
        BANK4            000400-0004FF              100
        BANK5            000500-0005FF              100
        BIGRAM           00005E-00005F                2
                         0000B0-0005FF              550
        BIGSFR           000D00-000FFF              300
        CODE             000004-000007                4
                         000012-0005FF              5EE
                         001F8B-001F8B                1
                         002087-002087                1
                         0020AE-007FFF             5F52
        COMRAM           00005E-00005F                2
        CONST            000004-000007                4
                         000012-0005FF              5EE
                         001F8B-001F8B                1
                         002087-002087                1
                         0020AE-007FFF             5F52
        EEDATA           F00000-F000FF              100
        IDLOC            200000-200007                8
        MEDIUMCONST      001F8B-001F8B                1
                         002087-002087                1
                         0020AE-007FFF             5F52
        RAM              0000B0-0005FF              100
        SFR              000D00-000FFF              100
        SMALLCONST       001F8B-001F8B                1
                         002087-002087                1
                         0020AE-007FFF              100

                                  Symbol Table

?___awdiv                      cstackCOMRAM 000001
?___awmod                      cstackCOMRAM 000009
?___fldiv                      cstackCOMRAM 000014
?___fltol                      cstackCOMRAM 00002D
?___lwdiv                      cstackCOMRAM 000001
?___lwmod                      cstackCOMRAM 000008
?___xxtofl                     cstackCOMRAM 000006
?_mystrcmp                     cstackCOMRAM 000001
?_read_adc                     cstackCOMRAM 000001
_ACKDT                         (abs)        007E2D
_ACKEN                         (abs)        007E2C
_ACKSTAT                       (abs)        007E2E
_ACQT0                         (abs)        007E03
_ACQT1                         (abs)        007E04
_ACQT2                         (abs)        007E05
_ADCON0                        (abs)        000FC2
_ADCS0                         (abs)        007E00
_ADCS1                         (abs)        007E01
_ADCS2                         (abs)        007E02
_ADFM                          (abs)        007E07
_ADON                          (abs)        007E10
_ADRESH                        (abs)        000FC4
_ADRESL                        (abs)        000FC3
_BCLIF                         (abs)        007D0B
_CCP1CON                       (abs)        000FBD
_CKE                           (abs)        007E3E
_CMCON                         (abs)        000FB4
_ECCP1CONbits                  (abs)        000FBA
_GIE                           (abs)        007F97
_GO                            (abs)        007E11
_PCFG0                         (abs)        007E08
_PCFG1                         (abs)        007E09
_PCFG2                         (abs)        007E0A
_PCFG3                         (abs)        007E0B
_PEIE                          (abs)        007F96
_PEN                           (abs)        007E2A
_PORTB                         (abs)        000F81
_PORTBbits                     (abs)        000F81
_PORTCbits                     (abs)        000F82
_PORTD                         (abs)        000F83
_PORTDbits                     (abs)        000F83
_PR2                           (abs)        000FCB
_PSA                           (abs)        007EAB
_RBPU                          (abs)        007F8F
_RCEN                          (abs)        007E2B
_RSEN                          (abs)        007E29
_SEN                           (abs)        007E28
_SMP                           (abs)        007E3F
_SSPADD                        (abs)        000FC8
_SSPBUF                        (abs)        000FC9
_SSPCON1                       (abs)        000FC6
_SSPIF                         (abs)        007CF3
_T08BIT                        (abs)        007EAE
_T0CS                          (abs)        007EAD
_T2CKPS0                       (abs)        007E50
_T2CKPS1                       (abs)        007E51
_TMR0                          (abs)        000FD6
_TMR0IE                        (abs)        007F95
_TMR0IF                        (abs)        007F92
_TMR0ON                        (abs)        007EAF
_TMR2IE                        (abs)        007CE9
_TMR2ON                        (abs)        007E52
_TRISB                         (abs)        000F93
_TRISC                         (abs)        000F94
_TRISC3                        (abs)        007CA3
_TRISC4                        (abs)        007CA4
_TRISD                         (abs)        000F95
_TRISD7                        (abs)        007CAF
_TRISEbits                     (abs)        000F96
_VCFG0                         (abs)        007E0C
_VCFG1                         (abs)        007E0D
__HRAM                         (abs)        000000
__H__absolute__                __absolute__ 000000
__Habs1                        abs1         000000
__Hbank0                       bank0        000000
__Hbank1                       bank1        000000
__Hbank2                       bank2        000000
__Hbank3                       bank3        000000
__Hbank4                       bank4        000000
__Hbank5                       bank5        000000
__Hbigbss                      bigbss       000000
__Hbigdata                     bigdata      000000
__Hbigram                      bigram       000000
__Hbigsfr                      bigsfr       000000
__Hbss                         bss          000000
__HbssBANK0                    bssBANK0     000000
__HbssCOMRAM                   bssCOMRAM    000000
__Hcinit                       cinit        000000
__Hclrtext                     clrtext      000000
__Hcomram                      comram       000000
__Hconfig                      config       30000E
__Hconst                       const        000000
__HcstackCOMRAM                cstackCOMRAM 000000
__Hdata                        data         000000
__HdataBANK0                   dataBANK0    000000
__HdataCOMRAM                  dataCOMRAM   000000
__Heeprom_data                 eeprom_data  000000
__Hfarbss                      farbss       000000
__Hfardata                     fardata      000000
__Hheap                        heap         000000
__Hibigdata                    ibigdata     000000
__Hidata                       idata        000000
__HidataBANK0                  idataBANK0   000000
__HidataCOMRAM                 idataCOMRAM  000000
__Hidloc                       idloc        000000
__Hifardata                    ifardata     000000
__Hinit                        init         000012
__Hintcode                     intcode      00000E
__Hintcode_body                intcode_body 000000
__Hintcodelo                   intcodelo    00000E
__Hintentry                    intentry     000000
__Hintret                      intret       000000
__Hintsave_regs                intsave_regs 000000
__Hirdata                      irdata       000000
__Hmediumconst                 mediumconst  000000
__HnvFARRAM                    nvFARRAM     000000
__Hnvbit                       nvbit        000000
__Hnvrram                      nvrram       000000
__Hparam                       rparam       000000
__Hpowerup                     powerup      00000E
__Hram                         ram          000000
__Hramtop                      ramtop       000600
__Hrbit                        rbit         000000
__Hrbss                        rbss         000000
__Hrdata                       rdata        000000
__Hreset_vec                   reset_vec    000004
__Hrparam                      rparam       000000
__Hsfr                         sfr          000000
__Hsmallconst                  smallconst   0006EC
__Hspace_0                     (abs)        0020AE
__Hspace_1                     (abs)        0000B0
__Hspace_2                     (abs)        000000
__Hspace_4                     (abs)        60000E
__Hstack                       stack        000000
__Hstruct                      struct       000000
__Htemp                        temp         00005E
__Htext                        text         000000
__Htext0                       text0        000000
__Htext1                       text1        000000
__Htext10                      text10       000000
__Htext11                      text11       000000
__Htext12                      text12       000000
__Htext13                      text13       000000
__Htext14                      text14       000000
__Htext15                      text15       000000
__Htext16                      text16       000000
__Htext17                      text17       000000
__Htext18                      text18       000000
__Htext19                      text19       000000
__Htext2                       text2        000000
__Htext20                      text20       000000
__Htext21                      text21       000000
__Htext22                      text22       000000
__Htext23                      text23       000000
__Htext24                      text24       000000
__Htext25                      text25       000000
__Htext26                      text26       000000
__Htext27                      text27       000000
__Htext28                      text28       000000
__Htext29                      text29       000000
__Htext3                       text3        000000
__Htext30                      text30       000000
__Htext31                      text31       000000
__Htext32                      text32       000000
__Htext33                      text33       000000
__Htext34                      text34       000000
__Htext35                      text35       000000
__Htext36                      text36       000000
__Htext37                      text37       000000
__Htext38                      text38       000000
__Htext39                      text39       000000
__Htext4                       text4        000000
__Htext40                      text40       000000
__Htext41                      text41       000000
__Htext42                      text42       000000
__Htext43                      text43       000000
__Htext44                      text44       000000
__Htext45                      text45       000000
__Htext5                       text5        000000
__Htext6                       text6        000000
__Htext7                       text7        000000
__Htext8                       text8        000000
__Htext9                       text9        000000
__LRAM                         (abs)        000001
__L__absolute__                __absolute__ 000000
__Labs1                        abs1         000000
__Lbank0                       bank0        000000
__Lbank1                       bank1        000000
__Lbank2                       bank2        000000
__Lbank3                       bank3        000000
__Lbank4                       bank4        000000
__Lbank5                       bank5        000000
__Lbigbss                      bigbss       000000
__Lbigdata                     bigdata      000000
__Lbigram                      bigram       000000
__Lbigsfr                      bigsfr       000000
__Lbss                         bss          000000
__LbssBANK0                    bssBANK0     000000
__LbssCOMRAM                   bssCOMRAM    000000
__Lcinit                       cinit        000000
__Lclrtext                     clrtext      000000
__Lcomram                      comram       000000
__Lconfig                      config       000000
__Lconst                       const        000000
__LcstackCOMRAM                cstackCOMRAM 000000
__Ldata                        data         000000
__LdataBANK0                   dataBANK0    000000
__LdataCOMRAM                  dataCOMRAM   000000
__Leeprom_data                 eeprom_data  000000
__Lfarbss                      farbss       000000
__Lfardata                     fardata      000000
__Lheap                        heap         000000
__Libigdata                    ibigdata     000000
__Lidata                       idata        000000
__LidataBANK0                  idataBANK0   000000
__LidataCOMRAM                 idataCOMRAM  000000
__Lidloc                       idloc        000000
__Lifardata                    ifardata     000000
__Linit                        init         00000E
__Lintcode                     intcode      000008
__Lintcode_body                intcode_body 000000
__Lintcodelo                   intcodelo    00000E
__Lintentry                    intentry     000000
__Lintret                      intret       000000
__Lintsave_regs                intsave_regs 000000
__Lirdata                      irdata       000000
__Lmediumconst                 mediumconst  000000
__LnvFARRAM                    nvFARRAM     000000
__Lnvbit                       nvbit        000000
__Lnvrram                      nvrram       000000
__Lparam                       rparam       000000
__Lpowerup                     powerup      00000E
__Lram                         ram          000000
__Lramtop                      ramtop       000600
__Lrbit                        rbit         000000
__Lrbss                        rbss         000000
__Lrdata                       rdata        000000
__Lreset_vec                   reset_vec    000000
__Lrparam                      rparam       000000
__Lsfr                         sfr          000000
__Lsmallconst                  smallconst   000600
__Lspace_0                     (abs)        000000
__Lspace_1                     (abs)        000000
__Lspace_2                     (abs)        000000
__Lspace_4                     (abs)        000000
__Lstack                       stack        000000
__Lstruct                      struct       000000
__Ltemp                        temp         00005D
__Ltext                        text         000000
__Ltext0                       text0        000000
__Ltext1                       text1        000000
__Ltext10                      text10       000000
__Ltext11                      text11       000000
__Ltext12                      text12       000000
__Ltext13                      text13       000000
__Ltext14                      text14       000000
__Ltext15                      text15       000000
__Ltext16                      text16       000000
__Ltext17                      text17       000000
__Ltext18                      text18       000000
__Ltext19                      text19       000000
__Ltext2                       text2        000000
__Ltext20                      text20       000000
__Ltext21                      text21       000000
__Ltext22                      text22       000000
__Ltext23                      text23       000000
__Ltext24                      text24       000000
__Ltext25                      text25       000000
__Ltext26                      text26       000000
__Ltext27                      text27       000000
__Ltext28                      text28       000000
__Ltext29                      text29       000000
__Ltext3                       text3        000000
__Ltext30                      text30       000000
__Ltext31                      text31       000000
__Ltext32                      text32       000000
__Ltext33                      text33       000000
__Ltext34                      text34       000000
__Ltext35                      text35       000000
__Ltext36                      text36       000000
__Ltext37                      text37       000000
__Ltext38                      text38       000000
__Ltext39                      text39       000000
__Ltext4                       text4        000000
__Ltext40                      text40       000000
__Ltext41                      text41       000000
__Ltext42                      text42       000000
__Ltext43                      text43       000000
__Ltext44                      text44       000000
__Ltext45                      text45       000000
__Ltext5                       text5        000000
__Ltext6                       text6        000000
__Ltext7                       text7        000000
__Ltext8                       text8        000000
__Ltext9                       text9        000000
__S0                           (abs)        0020AE
__S1                           (abs)        0000B0
__S4                           (abs)        000000
__S5                           (abs)        000000
___awdiv                       text7        0015EA
___awdiv@counter               cstackCOMRAM 000005
___awdiv@dividend              cstackCOMRAM 000001
___awdiv@divisor               cstackCOMRAM 000003
___awdiv@quotient              cstackCOMRAM 000007
___awdiv@sign                  cstackCOMRAM 000006
___awmod                       text45       00176C
___awmod@counter               cstackCOMRAM 00000D
___awmod@dividend              cstackCOMRAM 000009
___awmod@divisor               cstackCOMRAM 00000B
___awmod@sign                  cstackCOMRAM 00000E
___fldiv                       text25       0006EC
___fldiv@a                     cstackCOMRAM 000018
___fldiv@aexp                  cstackCOMRAM 00002C
___fldiv@b                     cstackCOMRAM 000014
___fldiv@bexp                  cstackCOMRAM 00002B
___fldiv@grs                   cstackCOMRAM 000027
___fldiv@new_exp               cstackCOMRAM 000025
___fldiv@rem                   cstackCOMRAM 000020
___fldiv@sign                  cstackCOMRAM 000024
___fltol                       text24       001328
___fltol@exp1                  cstackCOMRAM 000036
___fltol@f1                    cstackCOMRAM 00002D
___fltol@sign1                 cstackCOMRAM 000035
___heap_hi                     (abs)        000000
___heap_lo                     (abs)        000000
___inthi_sp                    stack        000000
___intlo_sp                    stack        000000
___lwdiv                       text44       001ADC
___lwdiv@counter               cstackCOMRAM 000007
___lwdiv@dividend              cstackCOMRAM 000001
___lwdiv@divisor               cstackCOMRAM 000003
___lwdiv@quotient              cstackCOMRAM 000005
___lwmod                       text23       001C8E
___lwmod@counter               cstackCOMRAM 00000C
___lwmod@dividend              cstackCOMRAM 000008
___lwmod@divisor               cstackCOMRAM 00000A
___param_bank                  (abs)        000000
___rparam_used                 (abs)        000001
___sp                          stack        000000
___xxtofl                      text22       000DD2
___xxtofl@arg                  cstackCOMRAM 000010
___xxtofl@exp                  cstackCOMRAM 00000F
___xxtofl@sign                 cstackCOMRAM 00000E
___xxtofl@val                  cstackCOMRAM 000006
__accesstop                    (abs)        000060
__activetblptr                 (abs)        000002
__end_of___awdiv               text7        0016AE
__end_of___awmod               text45       00181C
__end_of___fldiv               text25       000A86
__end_of___fltol               text24       00142E
__end_of___lwdiv               text44       001B50
__end_of___lwmod               text23       001CF2
__end_of___xxtofl              text22       000F86
__end_of__initialization       cinit        001C80
__end_of_clcd_print            text40       001C28
__end_of_clcd_putch            text42       002014
__end_of_clcd_write            text43       001F3E
__end_of_display_dashboard     text26       001DB0
__end_of_display_speed         text41       001E02
__end_of_display_time          text28       00207E
__end_of_display_times         text39       00204E
__end_of_gear_monitor          text27       001524
__end_of_get_speed             text20       0018C2
__end_of_get_time              text29       001A66
__end_of_getforstoreevent      text17       0019E2
__end_of_i2c_idle              text37       00203C
__end_of_i2c_no_ack            text38       0020AE
__end_of_i2c_read              text35       002074
__end_of_i2c_rep_start         text34       0020A0
__end_of_i2c_rx_mode           text36       0020A8
__end_of_i2c_start             text33       002098
__end_of_i2c_stop              text32       002090
__end_of_i2c_write             text31       002068
__end_of_init_adc              text16       001FC8
__end_of_init_clcd             text15       00176C
__end_of_init_config           text9        001FE2
__end_of_init_ds1307           text13       001E96
__end_of_init_i2c              text12       00202A
__end_of_init_matrixkeypad     text11       00205C
__end_of_init_timer0           text10       001FFC
__end_of_isr                   intcode_body 001E4E
__end_of_log_event             text18       001D54
__end_of_logscreen             text5        000DD2
__end_of_main                  text0        001328
__end_of_mystrcmp              text8        001BBC
__end_of_print                 text2        001212
__end_of_read_adc              text21       001F0C
__end_of_read_ds1307           text30       001F68
__end_of_read_switches         text3        001ADC
__end_of_scan_key              text4        001952
__end_of_scrolllog             text1        0010F6
__end_of_timeleft              text6        0015EA
__end_of_write_ds1307          text14       001FAA
__end_of_write_external_eeprom text19       001ED6
__initialization               cinit        001C28
__mediumconst                  mediumconst  000000
__pbssBANK0                    bssBANK0     000060
__pbssCOMRAM                   bssCOMRAM    000042
__pcinit                       cinit        001C28
__pcstackCOMRAM                cstackCOMRAM 000001
__pdataBANK0                   dataBANK0    00008D
__pdataCOMRAM                  dataCOMRAM   000054
__pidataBANK0                  idataBANK0   001F68
__pidataCOMRAM                 idataCOMRAM  00207E
__pintcode                     intcode      000008
__pintcode_body                intcode_body 001E02
__psmallconst                  smallconst   000600
__ptext0                       text0        001212
__ptext1                       text1        000F86
__ptext10                      text10       001FE2
__ptext11                      text11       00204E
__ptext12                      text12       002014
__ptext13                      text13       001E4E
__ptext14                      text14       001F8C
__ptext15                      text15       0016AE
__ptext16                      text16       001FAA
__ptext17                      text17       001952
__ptext18                      text18       001CF2
__ptext19                      text19       001E96
__ptext2                       text2        0010F6
__ptext20                      text20       00181C
__ptext21                      text21       001ED6
__ptext22                      text22       000DD2
__ptext23                      text23       001C8E
__ptext24                      text24       001328
__ptext25                      text25       0006EC
__ptext26                      text26       001D54
__ptext27                      text27       00142E
__ptext28                      text28       002074
__ptext29                      text29       0019E2
__ptext3                       text3        001A66
__ptext30                      text30       001F3E
__ptext31                      text31       00205C
__ptext32                      text32       002088
__ptext33                      text33       002090
__ptext34                      text34       002098
__ptext35                      text35       002068
__ptext36                      text36       0020A0
__ptext37                      text37       00202A
__ptext38                      text38       0020A8
__ptext39                      text39       00203C
__ptext4                       text4        0018C2
__ptext40                      text40       001BBC
__ptext41                      text41       001DB0
__ptext42                      text42       001FFC
__ptext43                      text43       001F0C
__ptext44                      text44       001ADC
__ptext45                      text45       00176C
__ptext5                       text5        000A86
__ptext6                       text6        001524
__ptext7                       text7        0015EA
__ptext8                       text8        001B50
__ptext9                       text9        001FC8
__ramtop                       ramtop       000600
__smallconst                   smallconst   000600
_blink                         bssCOMRAM    00004B
_blinkflag                     bssCOMRAM    000049
_clcd_print                    text40       001BBC
_clcd_putch                    text42       001FFC
_clcd_write                    text43       001F0C
_clock_reg                     bssCOMRAM    000042
_compareflag                   bssBANK0     000079
_controlflag                   dataCOMRAM   000058
_display_dashboard             text26       001D54
_display_speed                 text41       001DB0
_display_time                  text28       002074
_display_times                 text39       00203C
_enterflag                     bssCOMRAM    000047
_eventcount                    bssBANK0     000075
_gear_monitor                  text27       00142E
_get_speed                     text20       00181C
_get_time                      text29       0019E2
_getforstoreevent              text17       001952
_i                             bssCOMRAM    000050
_i2c_idle                      text37       00202A
_i2c_no_ack                    text38       0020A8
_i2c_read                      text35       002068
_i2c_rep_start                 text34       002098
_i2c_rx_mode                   text36       0020A0
_i2c_start                     text33       002090
_i2c_stop                      text32       002088
_i2c_write                     text31       00205C
_init_adc                      text16       001FAA
_init_clcd                     text15       0016AE
_init_config                   text9        001FC8
_init_ds1307                   text13       001E4E
_init_i2c                      text12       002014
_init_matrixkeypad             text11       00204E
_init_timer0                   text10       001FE2
_isr                           intcode      000008
_log                           bssBANK0     000060
_log_event                     text18       001CF2
_logg                          bssCOMRAM    00004F
_logout                        bssBANK0     00007D
_logpos                        dataCOMRAM   00005B
_logscreen                     text5        000A86
_main                          text0        001212
_min                           bssBANK0     00007B
_mystrcmp                      text8        001B50
_notpressed                    dataBANK0    0000A7
_out                           bssCOMRAM    000045
_pass                          dataBANK0    0000AB
_press                         bssBANK0     000077
_print                         text2        0010F6
_read_adc                      text21       001ED6
_read_ds1307                   text30       001F3E
_read_switches                 text3        001A66
_scan_key                      text4        0018C2
_scrolling                     dataBANK0    00009D
_scrolllog                     text1        000F86
_sec                           dataCOMRAM   000056
_signature                     dataBANK0    00008D
_signindex                     bssCOMRAM    000053
_time                          bssBANK0     00007F
_timeleft                      text6        001524
_tryflag                       dataCOMRAM   000054
_uckey                         bssBANK0     000088
_wait                          bssBANK0     000071
_write_ds1307                  text14       001F8C
_write_external_eeprom         text19       001E96
btemp                          temp         00005D
clcd_print@addr                cstackCOMRAM 000005
clcd_print@data                cstackCOMRAM 000003
clcd_putch@addr                cstackCOMRAM 00000F
clcd_putch@data                cstackCOMRAM 000010
clcd_write@byte                cstackCOMRAM 000002
clcd_write@control_bit         cstackCOMRAM 000001
display_dashboard@uckey        cstackCOMRAM 000016
display_dashboard@usads        cstackCOMRAM 000014
display_speed@usadc            cstackCOMRAM 000011
end_of_initialization          cinit        001C80
gear_monitor@crashflag         bssCOMRAM    000052
gear_monitor@uckey             cstackCOMRAM 000013
get_speed@adc                  cstackCOMRAM 000037
getforstoreevent@i             cstackCOMRAM 000039
getforstoreevent@i_630         cstackCOMRAM 00003B
i2c_write@data                 cstackCOMRAM 000001
init_ds1307@dummy              cstackCOMRAM 000004
int$flags                      temp         00005D
int_func                       intcode_body 001E02
intlevel0                      text         000000
intlevel1                      text         000000
intlevel2                      text         000000
intlevel3                      text         000000
isa$std                        (abs)        000001
isa$xinst                      (abs)        000000
isr@count                      bssCOMRAM    00004D
log_event@address              cstackCOMRAM 000006
log_event@i                    cstackCOMRAM 000007
logscreen@key                  cstackCOMRAM 000013
logscreen@wait                 cstackCOMRAM 000011
main@ucKey                     cstackCOMRAM 000041
main@usAdc                     cstackCOMRAM 00003F
mystrcmp@i                     cstackCOMRAM 000007
mystrcmp@s1                    cstackCOMRAM 000001
mystrcmp@s2                    cstackCOMRAM 000003
print@key                      cstackCOMRAM 000013
read_adc@channel               cstackCOMRAM 000005
read_ds1307@address            cstackCOMRAM 000002
read_ds1307@data               cstackCOMRAM 000003
read_switches@ucdetection      cstackCOMRAM 000001
read_switches@uckey            bssCOMRAM    000051
read_switches@uconce           dataCOMRAM   00005C
scrolllog@key                  cstackCOMRAM 000016
scrolllog@prevkey              dataCOMRAM   00005A
stackhi                        (abs)        000000
stacklo                        (abs)        000000
start                          init         00000E
start_initialization           cinit        001C28
ttemp5                         temp         00005E
ttemp6                         temp         000061
ttemp7                         temp         000065
write_ds1307@address           cstackCOMRAM 000003
write_ds1307@data              cstackCOMRAM 000002
write_external_eeprom@address  cstackCOMRAM 000005
write_external_eeprom@data     cstackCOMRAM 000002
write_external_eeprom@i        cstackCOMRAM 000003
wtemp8                         temp         00005E


MODULE INFORMATION

Module		Function		Class		Link	Load	Size
C:\Program Files\Microchip\xc8\v2.41\pic\sources\c99\common\awmod.c
		___awmod       		CODE           	176C	0000	176

C:\Program Files\Microchip\xc8\v2.41\pic\sources\c99\common\awmod.c estimated size: 176

password.c
		_mystrcmp      		CODE           	1B50	0000	108
		_timeleft      		CODE           	1524	0000	198
		_logscreen     		CODE           	0A86	0000	844

password.c estimated size: 1150

car_black_box.c
		_display_time  		CODE           	2074	0000	10
		_display_speed 		CODE           	1DB0	0000	82
		_display_times 		CODE           	203C	0000	18
		_display_dashboard		CODE           	1D54	0000	92
		_get_time      		CODE           	19E2	0000	132
		_gear_monitor  		CODE           	142E	0000	246

car_black_box.c estimated size: 580

scrolldisplay.c
		_get_speed     		CODE           	181C	0000	166
		_print         		CODE           	10F6	0000	284
		_log_event     		CODE           	1CF2	0000	98
		_getforstoreevent		CODE           	1952	0000	144
		_scrolllog     		CODE           	0F86	0000	368

scrolldisplay.c estimated size: 1060

C:\Program Files\Microchip\xc8\v2.41\pic\sources\c99\common\fltol.c
		___fltol       		CODE           	1328	0000	262

C:\Program Files\Microchip\xc8\v2.41\pic\sources\c99\common\fltol.c estimated size: 262

C:\Program Files\Microchip\xc8\v2.41\pic\sources\c99\common\xxtofl.c
		___xxtofl      		CODE           	0DD2	0000	436

C:\Program Files\Microchip\xc8\v2.41\pic\sources\c99\common\xxtofl.c estimated size: 436

i2c.c
		_i2c_start     		CODE           	2090	0000	8
		_i2c_no_ack    		CODE           	20A8	0000	6
		_i2c_rep_start 		CODE           	2098	0000	8
		_i2c_idle      		CODE           	202A	0000	18
		_i2c_write     		CODE           	205C	0000	12
		_i2c_stop      		CODE           	2088	0000	8
		_i2c_read      		CODE           	2068	0000	12
		_init_i2c      		CODE           	2014	0000	22
		_i2c_rx_mode   		CODE           	20A0	0000	8

i2c.c estimated size: 102

C:\Program Files\Microchip\xc8\v2.41\pic\sources\c99\common\lwdiv.c
		___lwdiv       		CODE           	1ADC	0000	116

C:\Program Files\Microchip\xc8\v2.41\pic\sources\c99\common\lwdiv.c estimated size: 116

C:\Program Files\Microchip\xc8\v2.41\pic\sources\c99\common\awdiv.c
		___awdiv       		CODE           	15EA	0000	196

C:\Program Files\Microchip\xc8\v2.41\pic\sources\c99\common\awdiv.c estimated size: 196

timer0.c
		_init_timer0   		CODE           	1FE2	0000	26

timer0.c estimated size: 26

ds1307.c
		_read_ds1307   		CODE           	1F3E	0000	42
		_write_ds1307  		CODE           	1F8C	0000	30
		_init_ds1307   		CODE           	1E4E	0000	72

ds1307.c estimated size: 144

adc.c
		_init_adc      		CODE           	1FAA	0000	30
		_read_adc      		CODE           	1ED6	0000	54

adc.c estimated size: 84

isr.c
		_isr           		CODE           	0008	0000	82

isr.c estimated size: 82

shared
		__initialization		CODE           	1C28	0000	88

shared estimated size: 88

clcd.c
		_clcd_write    		CODE           	1F0C	0000	50
		_clcd_print    		CODE           	1BBC	0000	108
		_clcd_putch    		CODE           	1FFC	0000	24
		_init_clcd     		CODE           	16AE	0000	190

clcd.c estimated size: 372

external.c
		_write_external_eeprom		CODE           	1E96	0000	64

external.c estimated size: 64

matrixkeyboard.c
		_read_switches 		CODE           	1A66	0000	118
		_scan_key      		CODE           	18C2	0000	144
		_init_matrixkeypad		CODE           	204E	0000	14

matrixkeyboard.c estimated size: 276

main.c
		_main          		CODE           	1212	0000	278
		_init_config   		CODE           	1FC8	0000	26

main.c estimated size: 304

C:\Program Files\Microchip\xc8\v2.41\pic\sources\c99\common\sprcdiv.c
		___fldiv       		CODE           	06EC	0000	922

C:\Program Files\Microchip\xc8\v2.41\pic\sources\c99\common\sprcdiv.c estimated size: 922

C:\Program Files\Microchip\xc8\v2.41\pic\sources\c99\common\lwmod.c
		___lwmod       		CODE           	1C8E	0000	100

C:\Program Files\Microchip\xc8\v2.41\pic\sources\c99\common\lwmod.c estimated size: 100

