Microchip MPLAB XC8 Compiler V2.41

Linker command line:

-W-3 \
  --edf=C:/Program Files/Microchip/MPLABX/v6.15/packs/Microchip/PIC18Fxxxx_DFP/1.4.151/xc8\pic\dat\20230323171731_en.msgs \
  -cn -h+dist/default/production\Car_black_box.X.production.sym \
  --cmf=dist/default/production\Car_black_box.X.production.cmf -z -Q18F4580 \
  -oC:\Users\MANIKA~1\AppData\Local\Temp\xcAs43s.\driver_tmp_3.o \
  --defsym=__MPLAB_BUILD=1 --fixupoverflow=error \
  -Mdist/default/production/Car_black_box.X.production.map \
  --md=C:\Users\MANIKA~1\AppData\Local\Temp\xcAs43s.\driver_tmp_0.dat -E1 \
  -ver=XC8 Compiler --acfsm=1493 -ACODE=00h-07FFFh -ACONST=00h-07FFFh \
  -ASMALLCONST=0600h-06FFhx122 -AMEDIUMCONST=0600h-07FFFh -ACOMRAM=01h-05Fh \
  -AABS1=00h-05FFh -ABIGRAM=01h-05FFh -ARAM=060h-0FFh,0100h-01FFhx5 \
  -ABANK0=060h-0FFh -ABANK1=0100h-01FFh -ABANK2=0200h-02FFh \
  -ABANK3=0300h-03FFh -ABANK4=0400h-04FFh -ABANK5=0500h-05FFh \
  -ASFR=0D00h-0DFFhx2,0F00h-0F5Fh,0F60h-0FFFh -ABIGSFR=0D00h-0FFFh \
  -ACONFIG=0300000h-030000Dh -AIDLOC=0200000h-0200007h \
  -AEEDATA=0F00000h-0F000FFh -peeprom_data=EEDATA \
  -preset_vec=00h,intcode=08h,intcodelo,powerup,init -pramtop=0600h \
  -psmallconst=SMALLCONST -pmediumconst=MEDIUMCONST -pconst=CONST \
  -AFARRAM=00h-00h \
  -prdata=COMRAM,nvrram=COMRAM,nvbit=COMRAM,rbss=COMRAM,rbit=COMRAM \
  -pfarbss=FARRAM,fardata=FARRAM,nvFARRAM=FARRAM \
  -pintsave_regs=BIGRAM,bigbss=BIGRAM,bigdata=BIGRAM -pbss=RAM \
  -pidata=CODE,irdata=CODE,ibigdata=CODE,ifardata=CODE -prparam=COMRAM \
  C:\Users\MANIKA~1\AppData\Local\Temp\xcAs43s.\driver_tmp_9.o \
  dist/default/production\Car_black_box.X.production.o 

Object code version is 3.11

Machine type is 18F4580



                Name                               Link     Load   Length Selector   Space Scale
C:\Users\MANIKA~1\AppData\Local\Temp\xcAs43s.\driver_tmp_9.o
                config                           300000   300000        E        0       4
                init                                  E        E        4        4       0
                reset_vec                             0        0        4        0       0
dist/default/production\Car_black_box.X.production.o
                intcode                               8        8        6        4       0
                config                           300000   300000        E        0       4
                temp                                 5D       5D        1        1       1
                smallconst                          600      600       E2      300       0
                intcode_body                       1B6E     1B6E       4C      371       0
                text39                              6E2      6E2      39A      371       0
                text38                             11EA     11EA      106      371       0
                text37                             1036     1036      1B4      371       0
                text36                             1730     1730       B0      371       0
                text35                             196A     196A       74      371       0
                text34                             1C6C     1C6C       32      371       0
                text33                             1D5C     1D5C       18      E76       0
                text32                             1B1C     1B1C       52      371       0
                text31                             1A4A     1A4A       6C      371       0
                text30                             1D9C     1D9C       12      E76       0
                text29                             1E06     1E06        6      E76       0
                text28                             1D8A     1D8A       12      E76       0
                text27                             1DFE     1DFE        8      E76       0
                text26                             1DC8     1DC8        C      E76       0
                text25                             1DF6     1DF6        8      E76       0
                text24                             1DEE     1DEE        8      E76       0
                text23                             1DE6     1DE6        8      E76       0
                text22                             1DBC     1DBC        C      E76       0
                text21                             1C9E     1C9E       2A      371       0
                text20                             1870     1870       84      371       0
                text19                             1DD4     1DD4        A      E76       0
                text18                             13F2     13F2       F6      371       0
                text17                             1C38     1C38       34      371       0
                text16                             1D0A     1D0A       1E      E76       0
                text15                             1672     1672       BE      371       0
                text14                             1CEC     1CEC       1E      E76       0
                text13                             1BBA     1BBA       48      371       0
                text12                             1D74     1D74       16      E76       0
                text11                             1DAE     1DAE        E      E76       0
                text10                             1D42     1D42       1A      E76       0
                text9                              1D28     1D28       1A      E76       0
                text8                              19DE     19DE       6C      371       0
                text7                              15AE     15AE       C4      371       0
                text6                              14E8     14E8       C6      371       0
                text5                               A7C      A7C      342      371       0
                text4                              1C02     1C02       36      371       0
                text3                              17E0     17E0       90      371       0
                text2                              18F4     18F4       76      371       0
                text1                               DBE      DBE      278      371       0
                text0                              12F0     12F0      102      371       0
                cstackCOMRAM                          1        1       3C        1       1
                dataBANK0                            60       60       23       60       1
                bssBANK0                             83       83       1C       60       1
                dataCOMRAM                           55       55        8        1       1
                bssCOMRAM                            3D       3D       18        1       1
                cinit                              1AB6     1AB6       66      371       0
                idataBANK0                         1CC8     1CC8       23      371       0
                idataCOMRAM                        1DDE     1DDE        8      E76       0

TOTAL           Name                               Link     Load   Length     Space
        CLASS   CODE           
                intcode                               8        8        6         0
                init                                  E        E        4         0
                reset_vec                             0        0        4         0
                intcode_body                       1B6E     1B6E       4C         0
                text39                              6E2      6E2      39A         0
                text38                             11EA     11EA      106         0
                text37                             1036     1036      1B4         0
                text36                             1730     1730       B0         0
                text35                             196A     196A       74         0
                text34                             1C6C     1C6C       32         0
                text33                             1D5C     1D5C       18         0
                text32                             1B1C     1B1C       52         0
                text31                             1A4A     1A4A       6C         0
                text30                             1D9C     1D9C       12         0
                text29                             1E06     1E06        6         0
                text28                             1D8A     1D8A       12         0
                text27                             1DFE     1DFE        8         0
                text26                             1DC8     1DC8        C         0
                text25                             1DF6     1DF6        8         0
                text24                             1DEE     1DEE        8         0
                text23                             1DE6     1DE6        8         0
                text22                             1DBC     1DBC        C         0
                text21                             1C9E     1C9E       2A         0
                text20                             1870     1870       84         0
                text19                             1DD4     1DD4        A         0
                text18                             13F2     13F2       F6         0
                text17                             1C38     1C38       34         0
                text16                             1D0A     1D0A       1E         0
                text15                             1672     1672       BE         0
                text14                             1CEC     1CEC       1E         0
                text13                             1BBA     1BBA       48         0
                text12                             1D74     1D74       16         0
                text11                             1DAE     1DAE        E         0
                text10                             1D42     1D42       1A         0
                text9                              1D28     1D28       1A         0
                text8                              19DE     19DE       6C         0
                text7                              15AE     15AE       C4         0
                text6                              14E8     14E8       C6         0
                text5                               A7C      A7C      342         0
                text4                              1C02     1C02       36         0
                text3                              17E0     17E0       90         0
                text2                              18F4     18F4       76         0
                text1                               DBE      DBE      278         0
                text0                              12F0     12F0      102         0
                cinit                              1AB6     1AB6       66         0
                idataBANK0                         1CC8     1CC8       23         0
                idataCOMRAM                        1DDE     1DDE        8         0

        CLASS   CONST          

        CLASS   SMALLCONST     
                smallconst                          600      600       E2         0

        CLASS   MEDIUMCONST    

        CLASS   COMRAM         
                temp                                 5D       5D        1         1
                cstackCOMRAM                          1        1       3C         1
                dataCOMRAM                           55       55        8         1
                bssCOMRAM                            3D       3D       18         1

        CLASS   ABS1           

        CLASS   BIGRAM         

        CLASS   RAM            

        CLASS   BANK0          
                dataBANK0                            60       60       23         1
                bssBANK0                             83       83       1C         1

        CLASS   BANK1          

        CLASS   BANK2          

        CLASS   BANK3          

        CLASS   BANK4          

        CLASS   BANK5          

        CLASS   SFR            

        CLASS   BIGSFR         

        CLASS   CONFIG         
                config                           300000   300000        E         4

        CLASS   IDLOC          

        CLASS   EEDATA         

        CLASS   FARRAM         

        CLASS   HEAP           

        CLASS   STACK          



SEGMENTS        Name                           Load    Length   Top    Selector   Space  Class

                reset_vec                      000000  000004  000004         0       0  CODE    
                cstackCOMRAM                   000001  00005D  00005E         1       1  COMRAM  
                intcode                        000008  00000A  000012         4       0  CODE    
                dataBANK0                      000060  00003F  00009F        60       1  BANK0   
                smallconst                     000600  0000E2  0006E2       300       0  SMALLCON
                text39                         0006E2  001609  001CEB       371       0  CODE    
                text14                         001CEC  000120  001E0C       E76       0  CODE    


UNUSED ADDRESS RANGES

        Name                Unused          Largest block    Delta
        BANK0            00009F-0000FF               61
        BANK1            000100-0001FF              100
        BANK2            000200-0002FF              100
        BANK3            000300-0003FF              100
        BANK4            000400-0004FF              100
        BANK5            000500-0005FF              100
        BIGRAM           00005E-00005F                2
                         00009F-0005FF              561
        BIGSFR           000D00-000FFF              300
        CODE             000004-000007                4
                         000012-0005FF              5EE
                         001CEB-001CEB                1
                         001E0C-007FFF             61F4
        COMRAM           00005E-00005F                2
        CONST            000004-000007                4
                         000012-0005FF              5EE
                         001CEB-001CEB                1
                         001E0C-007FFF             61F4
        EEDATA           F00000-F000FF              100
        IDLOC            200000-200007                8
        MEDIUMCONST      001CEB-001CEB                1
                         001E0C-007FFF             61F4
        RAM              00009F-0005FF              100
        SFR              000D00-000FFF              100
        SMALLCONST       001CEB-001CEB                1
                         001E0C-007FFF              100

                                  Symbol Table

?___awdiv                  cstackCOMRAM 000001
?___awmod                  cstackCOMRAM 000009
?___fldiv                  cstackCOMRAM 000014
?___fltol                  cstackCOMRAM 00002D
?___lwdiv                  cstackCOMRAM 000001
?___xxtofl                 cstackCOMRAM 000006
?_mystrcmp                 cstackCOMRAM 000001
?_read_adc                 cstackCOMRAM 000001
_ACKDT                     (abs)        007E2D
_ACKEN                     (abs)        007E2C
_ACKSTAT                   (abs)        007E2E
_ACQT0                     (abs)        007E03
_ACQT1                     (abs)        007E04
_ACQT2                     (abs)        007E05
_ADCON0                    (abs)        000FC2
_ADCS0                     (abs)        007E00
_ADCS1                     (abs)        007E01
_ADCS2                     (abs)        007E02
_ADFM                      (abs)        007E07
_ADON                      (abs)        007E10
_ADRESH                    (abs)        000FC4
_ADRESL                    (abs)        000FC3
_BCLIF                     (abs)        007D0B
_CCP1CON                   (abs)        000FBD
_CKE                       (abs)        007E3E
_CMCON                     (abs)        000FB4
_ECCP1CONbits              (abs)        000FBA
_GIE                       (abs)        007F97
_GO                        (abs)        007E11
_PCFG0                     (abs)        007E08
_PCFG1                     (abs)        007E09
_PCFG2                     (abs)        007E0A
_PCFG3                     (abs)        007E0B
_PEIE                      (abs)        007F96
_PEN                       (abs)        007E2A
_PORTB                     (abs)        000F81
_PORTBbits                 (abs)        000F81
_PORTCbits                 (abs)        000F82
_PORTD                     (abs)        000F83
_PORTDbits                 (abs)        000F83
_PR2                       (abs)        000FCB
_PSA                       (abs)        007EAB
_RBPU                      (abs)        007F8F
_RCEN                      (abs)        007E2B
_RSEN                      (abs)        007E29
_SEN                       (abs)        007E28
_SMP                       (abs)        007E3F
_SSPADD                    (abs)        000FC8
_SSPBUF                    (abs)        000FC9
_SSPCON1                   (abs)        000FC6
_SSPIF                     (abs)        007CF3
_T08BIT                    (abs)        007EAE
_T0CS                      (abs)        007EAD
_T2CKPS0                   (abs)        007E50
_T2CKPS1                   (abs)        007E51
_TMR0                      (abs)        000FD6
_TMR0IE                    (abs)        007F95
_TMR0IF                    (abs)        007F92
_TMR0ON                    (abs)        007EAF
_TMR2IE                    (abs)        007CE9
_TMR2ON                    (abs)        007E52
_TRISB                     (abs)        000F93
_TRISC                     (abs)        000F94
_TRISC3                    (abs)        007CA3
_TRISC4                    (abs)        007CA4
_TRISD                     (abs)        000F95
_TRISD7                    (abs)        007CAF
_TRISEbits                 (abs)        000F96
_VCFG0                     (abs)        007E0C
_VCFG1                     (abs)        007E0D
__HRAM                     (abs)        000000
__H__absolute__            __absolute__ 000000
__Habs1                    abs1         000000
__Hbank0                   bank0        000000
__Hbank1                   bank1        000000
__Hbank2                   bank2        000000
__Hbank3                   bank3        000000
__Hbank4                   bank4        000000
__Hbank5                   bank5        000000
__Hbigbss                  bigbss       000000
__Hbigdata                 bigdata      000000
__Hbigram                  bigram       000000
__Hbigsfr                  bigsfr       000000
__Hbss                     bss          000000
__HbssBANK0                bssBANK0     000000
__HbssCOMRAM               bssCOMRAM    000000
__Hcinit                   cinit        000000
__Hclrtext                 clrtext      000000
__Hcomram                  comram       000000
__Hconfig                  config       30000E
__Hconst                   const        000000
__HcstackCOMRAM            cstackCOMRAM 000000
__Hdata                    data         000000
__HdataBANK0               dataBANK0    000000
__HdataCOMRAM              dataCOMRAM   000000
__Heeprom_data             eeprom_data  000000
__Hfarbss                  farbss       000000
__Hfardata                 fardata      000000
__Hheap                    heap         000000
__Hibigdata                ibigdata     000000
__Hidata                   idata        000000
__HidataBANK0              idataBANK0   000000
__HidataCOMRAM             idataCOMRAM  000000
__Hidloc                   idloc        000000
__Hifardata                ifardata     000000
__Hinit                    init         000012
__Hintcode                 intcode      00000E
__Hintcode_body            intcode_body 000000
__Hintcodelo               intcodelo    00000E
__Hintentry                intentry     000000
__Hintret                  intret       000000
__Hintsave_regs            intsave_regs 000000
__Hirdata                  irdata       000000
__Hmediumconst             mediumconst  000000
__HnvFARRAM                nvFARRAM     000000
__Hnvbit                   nvbit        000000
__Hnvrram                  nvrram       000000
__Hparam                   rparam       000000
__Hpowerup                 powerup      00000E
__Hram                     ram          000000
__Hramtop                  ramtop       000600
__Hrbit                    rbit         000000
__Hrbss                    rbss         000000
__Hrdata                   rdata        000000
__Hreset_vec               reset_vec    000004
__Hrparam                  rparam       000000
__Hsfr                     sfr          000000
__Hsmallconst              smallconst   0006E2
__Hspace_0                 (abs)        001E0C
__Hspace_1                 (abs)        00009F
__Hspace_2                 (abs)        000000
__Hspace_4                 (abs)        60000E
__Hstack                   stack        000000
__Hstruct                  struct       000000
__Htemp                    temp         00005E
__Htext                    text         000000
__Htext0                   text0        000000
__Htext1                   text1        000000
__Htext10                  text10       000000
__Htext11                  text11       000000
__Htext12                  text12       000000
__Htext13                  text13       000000
__Htext14                  text14       000000
__Htext15                  text15       000000
__Htext16                  text16       000000
__Htext17                  text17       000000
__Htext18                  text18       000000
__Htext19                  text19       000000
__Htext2                   text2        000000
__Htext20                  text20       000000
__Htext21                  text21       000000
__Htext22                  text22       000000
__Htext23                  text23       000000
__Htext24                  text24       000000
__Htext25                  text25       000000
__Htext26                  text26       000000
__Htext27                  text27       000000
__Htext28                  text28       000000
__Htext29                  text29       000000
__Htext3                   text3        000000
__Htext30                  text30       000000
__Htext31                  text31       000000
__Htext32                  text32       000000
__Htext33                  text33       000000
__Htext34                  text34       000000
__Htext35                  text35       000000
__Htext36                  text36       000000
__Htext37                  text37       000000
__Htext38                  text38       000000
__Htext39                  text39       000000
__Htext4                   text4        000000
__Htext5                   text5        000000
__Htext6                   text6        000000
__Htext7                   text7        000000
__Htext8                   text8        000000
__Htext9                   text9        000000
__LRAM                     (abs)        000001
__L__absolute__            __absolute__ 000000
__Labs1                    abs1         000000
__Lbank0                   bank0        000000
__Lbank1                   bank1        000000
__Lbank2                   bank2        000000
__Lbank3                   bank3        000000
__Lbank4                   bank4        000000
__Lbank5                   bank5        000000
__Lbigbss                  bigbss       000000
__Lbigdata                 bigdata      000000
__Lbigram                  bigram       000000
__Lbigsfr                  bigsfr       000000
__Lbss                     bss          000000
__LbssBANK0                bssBANK0     000000
__LbssCOMRAM               bssCOMRAM    000000
__Lcinit                   cinit        000000
__Lclrtext                 clrtext      000000
__Lcomram                  comram       000000
__Lconfig                  config       000000
__Lconst                   const        000000
__LcstackCOMRAM            cstackCOMRAM 000000
__Ldata                    data         000000
__LdataBANK0               dataBANK0    000000
__LdataCOMRAM              dataCOMRAM   000000
__Leeprom_data             eeprom_data  000000
__Lfarbss                  farbss       000000
__Lfardata                 fardata      000000
__Lheap                    heap         000000
__Libigdata                ibigdata     000000
__Lidata                   idata        000000
__LidataBANK0              idataBANK0   000000
__LidataCOMRAM             idataCOMRAM  000000
__Lidloc                   idloc        000000
__Lifardata                ifardata     000000
__Linit                    init         00000E
__Lintcode                 intcode      000008
__Lintcode_body            intcode_body 000000
__Lintcodelo               intcodelo    00000E
__Lintentry                intentry     000000
__Lintret                  intret       000000
__Lintsave_regs            intsave_regs 000000
__Lirdata                  irdata       000000
__Lmediumconst             mediumconst  000000
__LnvFARRAM                nvFARRAM     000000
__Lnvbit                   nvbit        000000
__Lnvrram                  nvrram       000000
__Lparam                   rparam       000000
__Lpowerup                 powerup      00000E
__Lram                     ram          000000
__Lramtop                  ramtop       000600
__Lrbit                    rbit         000000
__Lrbss                    rbss         000000
__Lrdata                   rdata        000000
__Lreset_vec               reset_vec    000000
__Lrparam                  rparam       000000
__Lsfr                     sfr          000000
__Lsmallconst              smallconst   000600
__Lspace_0                 (abs)        000000
__Lspace_1                 (abs)        000000
__Lspace_2                 (abs)        000000
__Lspace_4                 (abs)        000000
__Lstack                   stack        000000
__Lstruct                  struct       000000
__Ltemp                    temp         00005D
__Ltext                    text         000000
__Ltext0                   text0        000000
__Ltext1                   text1        000000
__Ltext10                  text10       000000
__Ltext11                  text11       000000
__Ltext12                  text12       000000
__Ltext13                  text13       000000
__Ltext14                  text14       000000
__Ltext15                  text15       000000
__Ltext16                  text16       000000
__Ltext17                  text17       000000
__Ltext18                  text18       000000
__Ltext19                  text19       000000
__Ltext2                   text2        000000
__Ltext20                  text20       000000
__Ltext21                  text21       000000
__Ltext22                  text22       000000
__Ltext23                  text23       000000
__Ltext24                  text24       000000
__Ltext25                  text25       000000
__Ltext26                  text26       000000
__Ltext27                  text27       000000
__Ltext28                  text28       000000
__Ltext29                  text29       000000
__Ltext3                   text3        000000
__Ltext30                  text30       000000
__Ltext31                  text31       000000
__Ltext32                  text32       000000
__Ltext33                  text33       000000
__Ltext34                  text34       000000
__Ltext35                  text35       000000
__Ltext36                  text36       000000
__Ltext37                  text37       000000
__Ltext38                  text38       000000
__Ltext39                  text39       000000
__Ltext4                   text4        000000
__Ltext5                   text5        000000
__Ltext6                   text6        000000
__Ltext7                   text7        000000
__Ltext8                   text8        000000
__Ltext9                   text9        000000
__S0                       (abs)        001E0C
__S1                       (abs)        00009F
__S4                       (abs)        000000
__S5                       (abs)        000000
___awdiv                   text7        0015AE
___awdiv@counter           cstackCOMRAM 000005
___awdiv@dividend          cstackCOMRAM 000001
___awdiv@divisor           cstackCOMRAM 000003
___awdiv@quotient          cstackCOMRAM 000007
___awdiv@sign              cstackCOMRAM 000006
___awmod                   text36       001730
___awmod@counter           cstackCOMRAM 00000D
___awmod@dividend          cstackCOMRAM 000009
___awmod@divisor           cstackCOMRAM 00000B
___awmod@sign              cstackCOMRAM 00000E
___fldiv                   text39       0006E2
___fldiv@a                 cstackCOMRAM 000018
___fldiv@aexp              cstackCOMRAM 00002C
___fldiv@b                 cstackCOMRAM 000014
___fldiv@bexp              cstackCOMRAM 00002B
___fldiv@grs               cstackCOMRAM 000027
___fldiv@new_exp           cstackCOMRAM 000025
___fldiv@rem               cstackCOMRAM 000020
___fldiv@sign              cstackCOMRAM 000024
___fltol                   text38       0011EA
___fltol@exp1              cstackCOMRAM 000036
___fltol@f1                cstackCOMRAM 00002D
___fltol@sign1             cstackCOMRAM 000035
___heap_hi                 (abs)        000000
___heap_lo                 (abs)        000000
___inthi_sp                stack        000000
___intlo_sp                stack        000000
___lwdiv                   text35       00196A
___lwdiv@counter           cstackCOMRAM 000007
___lwdiv@dividend          cstackCOMRAM 000001
___lwdiv@divisor           cstackCOMRAM 000003
___lwdiv@quotient          cstackCOMRAM 000005
___param_bank              (abs)        000000
___rparam_used             (abs)        000001
___sp                      stack        000000
___xxtofl                  text37       001036
___xxtofl@arg              cstackCOMRAM 000010
___xxtofl@exp              cstackCOMRAM 00000F
___xxtofl@sign             cstackCOMRAM 00000E
___xxtofl@val              cstackCOMRAM 000006
__accesstop                (abs)        000060
__activetblptr             (abs)        000002
__end_of___awdiv           text7        001672
__end_of___awmod           text36       0017E0
__end_of___fldiv           text39       000A7C
__end_of___fltol           text38       0012F0
__end_of___lwdiv           text35       0019DE
__end_of___xxtofl          text37       0011EA
__end_of__initialization   cinit        001B0E
__end_of_clcd_print        text31       001AB6
__end_of_clcd_putch        text33       001D74
__end_of_clcd_write        text34       001C9E
__end_of_display_dashboard text17       001C6C
__end_of_display_speed     text32       001B6E
__end_of_display_time      text19       001DDE
__end_of_display_times     text30       001DAE
__end_of_gear_monitor      text18       0014E8
__end_of_get_time          text20       0018F4
__end_of_i2c_idle          text28       001D9C
__end_of_i2c_no_ack        text29       001E0C
__end_of_i2c_read          text26       001DD4
__end_of_i2c_rep_start     text25       001DFE
__end_of_i2c_rx_mode       text27       001E06
__end_of_i2c_start         text24       001DF6
__end_of_i2c_stop          text23       001DEE
__end_of_i2c_write         text22       001DC8
__end_of_init_adc          text16       001D28
__end_of_init_clcd         text15       001730
__end_of_init_config       text9        001D42
__end_of_init_ds1307       text13       001C02
__end_of_init_i2c          text12       001D8A
__end_of_init_matrixkeypad text11       001DBC
__end_of_init_timer0       text10       001D5C
__end_of_isr               intcode_body 001BBA
__end_of_logscreen         text5        000DBE
__end_of_main              text0        0013F2
__end_of_mystrcmp          text8        001A4A
__end_of_read_adc          text4        001C38
__end_of_read_ds1307       text21       001CC8
__end_of_read_switches     text2        00196A
__end_of_scan_key          text3        001870
__end_of_scrolllog         text1        001036
__end_of_timeleft          text6        0015AE
__end_of_write_ds1307      text14       001D0A
__initialization           cinit        001AB6
__mediumconst              mediumconst  000000
__pbssBANK0                bssBANK0     000083
__pbssCOMRAM               bssCOMRAM    00003D
__pcinit                   cinit        001AB6
__pcstackCOMRAM            cstackCOMRAM 000001
__pdataBANK0               dataBANK0    000060
__pdataCOMRAM              dataCOMRAM   000055
__pidataBANK0              idataBANK0   001CC8
__pidataCOMRAM             idataCOMRAM  001DDE
__pintcode                 intcode      000008
__pintcode_body            intcode_body 001B6E
__psmallconst              smallconst   000600
__ptext0                   text0        0012F0
__ptext1                   text1        000DBE
__ptext10                  text10       001D42
__ptext11                  text11       001DAE
__ptext12                  text12       001D74
__ptext13                  text13       001BBA
__ptext14                  text14       001CEC
__ptext15                  text15       001672
__ptext16                  text16       001D0A
__ptext17                  text17       001C38
__ptext18                  text18       0013F2
__ptext19                  text19       001DD4
__ptext2                   text2        0018F4
__ptext20                  text20       001870
__ptext21                  text21       001C9E
__ptext22                  text22       001DBC
__ptext23                  text23       001DE6
__ptext24                  text24       001DEE
__ptext25                  text25       001DF6
__ptext26                  text26       001DC8
__ptext27                  text27       001DFE
__ptext28                  text28       001D8A
__ptext29                  text29       001E06
__ptext3                   text3        0017E0
__ptext30                  text30       001D9C
__ptext31                  text31       001A4A
__ptext32                  text32       001B1C
__ptext33                  text33       001D5C
__ptext34                  text34       001C6C
__ptext35                  text35       00196A
__ptext36                  text36       001730
__ptext37                  text37       001036
__ptext38                  text38       0011EA
__ptext39                  text39       0006E2
__ptext4                   text4        001C02
__ptext5                   text5        000A7C
__ptext6                   text6        0014E8
__ptext7                   text7        0015AE
__ptext8                   text8        0019DE
__ptext9                   text9        001D28
__ramtop                   ramtop       000600
__smallconst               smallconst   000600
_blink                     bssCOMRAM    00004A
_blinkflag                 bssCOMRAM    000048
_clcd_print                text31       001A4A
_clcd_putch                text33       001D5C
_clcd_write                text34       001C6C
_clock_reg                 bssCOMRAM    00003D
_compareflag               bssCOMRAM    000044
_controlflag               dataCOMRAM   000059
_display_dashboard         text17       001C38
_display_speed             text32       001B1C
_display_time              text19       001DD4
_display_times             text30       001D9C
_enterflag                 bssCOMRAM    000046
_gear_monitor              text18       0013F2
_get_time                  text20       001870
_i                         bssCOMRAM    000050
_i2c_idle                  text28       001D8A
_i2c_no_ack                text29       001E06
_i2c_read                  text26       001DC8
_i2c_rep_start             text25       001DF6
_i2c_rx_mode               text27       001DFE
_i2c_start                 text24       001DEE
_i2c_stop                  text23       001DE6
_i2c_write                 text22       001DBC
_init_adc                  text16       001D0A
_init_clcd                 text15       001672
_init_config               text9        001D28
_init_ds1307               text13       001BBA
_init_i2c                  text12       001D74
_init_matrixkeypad         text11       001DAE
_init_timer0               text10       001D42
_isr                       intcode      000008
_k                         bssBANK0     00008B
_logg                      bssCOMRAM    00004F
_logout                    bssBANK0     00008F
_logscreen                 text5        000A7C
_main                      text0        0012F0
_min                       bssBANK0     00008D
_mpos                      bssCOMRAM    000054
_mystrcmp                  text8        0019DE
_notpressed                dataBANK0    00007A
_p                         bssBANK0     000089
_pass                      dataBANK0    00007E
_press                     bssCOMRAM    000042
_read_adc                  text4        001C02
_read_ds1307               text21       001C9E
_read_switches             text2        0018F4
_scan_key                  text3        0017E0
_scrolling                 dataBANK0    000070
_scrolllog                 text1        000DBE
_sec                       dataCOMRAM   000057
_signature                 dataBANK0    000060
_star                      dataCOMRAM   00005B
_time                      bssBANK0     000091
_timeleft                  text6        0014E8
_tryflag                   dataCOMRAM   000055
_uckey                     bssBANK0     00009A
_wait                      bssBANK0     000083
_write_ds1307              text14       001CEC
btemp                      temp         00005D
clcd_print@addr            cstackCOMRAM 000005
clcd_print@data            cstackCOMRAM 000003
clcd_putch@addr            cstackCOMRAM 00000F
clcd_putch@data            cstackCOMRAM 000010
clcd_write@byte            cstackCOMRAM 000002
clcd_write@control_bit     cstackCOMRAM 000001
display_dashboard@uckey    cstackCOMRAM 000016
display_dashboard@usads    cstackCOMRAM 000014
display_speed@usadc        cstackCOMRAM 000011
end_of_initialization      cinit        001B0E
gear_monitor@crashflag     bssCOMRAM    000052
gear_monitor@signindex     bssCOMRAM    000053
gear_monitor@uckey         cstackCOMRAM 000013
i2c_write@data             cstackCOMRAM 000001
init_ds1307@dummy          cstackCOMRAM 000004
int$flags                  temp         00005D
int_func                   intcode_body 001B6E
intlevel0                  text         000000
intlevel1                  text         000000
intlevel2                  text         000000
intlevel3                  text         000000
isa$std                    (abs)        000001
isa$xinst                  (abs)        000000
isr@count                  bssCOMRAM    00004C
logscreen@key              cstackCOMRAM 000013
logscreen@wait             cstackCOMRAM 000011
main@uc1Key                cstackCOMRAM 00003B
main@ucKey                 cstackCOMRAM 00003C
main@usAdc                 cstackCOMRAM 000039
mystrcmp@i                 cstackCOMRAM 000007
mystrcmp@s1                cstackCOMRAM 000001
mystrcmp@s2                cstackCOMRAM 000003
read_adc@channel           cstackCOMRAM 000005
read_ds1307@address        cstackCOMRAM 000002
read_ds1307@data           cstackCOMRAM 000003
read_switches@ucdetection  cstackCOMRAM 000001
read_switches@uckey        bssCOMRAM    000051
read_switches@uconce       dataCOMRAM   00005C
scrolllog@key              cstackCOMRAM 000014
scrolllog@keys             cstackCOMRAM 000011
scrolllog@longPressActive  bssCOMRAM    00004E
scrolllog@longPressTimer   bssBANK0     000087
scrolllog@out              bssCOMRAM    000040
stackhi                    (abs)        000000
stacklo                    (abs)        000000
start                      init         00000E
start_initialization       cinit        001AB6
ttemp5                     temp         00005E
ttemp6                     temp         000061
ttemp7                     temp         000065
write_ds1307@address       cstackCOMRAM 000003
write_ds1307@data          cstackCOMRAM 000002
wtemp8                     temp         00005E


MODULE INFORMATION

Module		Function		Class		Link	Load	Size
C:\Program Files\Microchip\xc8\v2.41\pic\sources\c99\common\awmod.c
		___awmod       		CODE           	1730	0000	176

C:\Program Files\Microchip\xc8\v2.41\pic\sources\c99\common\awmod.c estimated size: 176

password.c
		_mystrcmp      		CODE           	19DE	0000	108
		_timeleft      		CODE           	14E8	0000	198
		_logscreen     		CODE           	0A7C	0000	834

password.c estimated size: 1140

car_black_box.c
		_display_time  		CODE           	1DD4	0000	10
		_display_speed 		CODE           	1B1C	0000	82
		_display_times 		CODE           	1D9C	0000	18
		_display_dashboard		CODE           	1C38	0000	52
		_get_time      		CODE           	1870	0000	132
		_gear_monitor  		CODE           	13F2	0000	246

car_black_box.c estimated size: 540

scrolldisplay.c
		_scrolllog     		CODE           	0DBE	0000	632

scrolldisplay.c estimated size: 632

C:\Program Files\Microchip\xc8\v2.41\pic\sources\c99\common\fltol.c
		___fltol       		CODE           	11EA	0000	262

C:\Program Files\Microchip\xc8\v2.41\pic\sources\c99\common\fltol.c estimated size: 262

C:\Program Files\Microchip\xc8\v2.41\pic\sources\c99\common\xxtofl.c
		___xxtofl      		CODE           	1036	0000	436

C:\Program Files\Microchip\xc8\v2.41\pic\sources\c99\common\xxtofl.c estimated size: 436

i2c.c
		_i2c_start     		CODE           	1DEE	0000	8
		_i2c_no_ack    		CODE           	1E06	0000	6
		_i2c_rep_start 		CODE           	1DF6	0000	8
		_i2c_idle      		CODE           	1D8A	0000	18
		_i2c_write     		CODE           	1DBC	0000	12
		_i2c_stop      		CODE           	1DE6	0000	8
		_i2c_read      		CODE           	1DC8	0000	12
		_init_i2c      		CODE           	1D74	0000	22
		_i2c_rx_mode   		CODE           	1DFE	0000	8

i2c.c estimated size: 102

C:\Program Files\Microchip\xc8\v2.41\pic\sources\c99\common\lwdiv.c
		___lwdiv       		CODE           	196A	0000	116

C:\Program Files\Microchip\xc8\v2.41\pic\sources\c99\common\lwdiv.c estimated size: 116

C:\Program Files\Microchip\xc8\v2.41\pic\sources\c99\common\awdiv.c
		___awdiv       		CODE           	15AE	0000	196

C:\Program Files\Microchip\xc8\v2.41\pic\sources\c99\common\awdiv.c estimated size: 196

timer0.c
		_init_timer0   		CODE           	1D42	0000	26

timer0.c estimated size: 26

ds1307.c
		_read_ds1307   		CODE           	1C9E	0000	42
		_write_ds1307  		CODE           	1CEC	0000	30
		_init_ds1307   		CODE           	1BBA	0000	72

ds1307.c estimated size: 144

adc.c
		_init_adc      		CODE           	1D0A	0000	30
		_read_adc      		CODE           	1C02	0000	54

adc.c estimated size: 84

isr.c
		_isr           		CODE           	0008	0000	82

isr.c estimated size: 82

shared
		__initialization		CODE           	1AB6	0000	88

shared estimated size: 88

clcd.c
		_clcd_write    		CODE           	1C6C	0000	50
		_clcd_print    		CODE           	1A4A	0000	108
		_clcd_putch    		CODE           	1D5C	0000	24
		_init_clcd     		CODE           	1672	0000	190

clcd.c estimated size: 372

matrixkeyboard.c
		_read_switches 		CODE           	18F4	0000	118
		_scan_key      		CODE           	17E0	0000	144
		_init_matrixkeypad		CODE           	1DAE	0000	14

matrixkeyboard.c estimated size: 276

main.c
		_main          		CODE           	12F0	0000	258
		_init_config   		CODE           	1D28	0000	26

main.c estimated size: 284

C:\Program Files\Microchip\xc8\v2.41\pic\sources\c99\common\sprcdiv.c
		___fldiv       		CODE           	06E2	0000	922

C:\Program Files\Microchip\xc8\v2.41\pic\sources\c99\common\sprcdiv.c estimated size: 922

