Microchip MPLAB XC8 Compiler V2.41

Linker command line:

-W-3 \
  --edf=C:\Program Files\Microchip\xc8\v2.41\pic\dat\20230208172133_en.msgs \
  -cn -h+dist/default/production\Carblackbox.X.production.sym \
  --cmf=dist/default/production\Carblackbox.X.production.cmf -z -Q18F4580 \
  -oC:\Users\MANIKA~1\AppData\Local\Temp\xcAsi90.\driver_tmp_3.o \
  --defsym=__MPLAB_BUILD=1 --fixupoverflow=error \
  -Mdist/default/production/Carblackbox.X.production.map \
  --md=C:\Users\MANIKA~1\AppData\Local\Temp\xcAsi90.\driver_tmp_0.dat -E1 \
  -ver=XC8 Compiler --acfsm=1493 -ACODE=00h-03000h -ACONST=00h-03000h \
  -ASMALLCONST=0600h-06FFhx42,03000h-03000h -AMEDIUMCONST=0600h-03000h \
  -ACOMRAM=01h-05Fh -AABS1=00h-05FFh -ABIGRAM=01h-05FFh \
  -ARAM=060h-0FFh,0100h-01FFhx5 -ABANK0=060h-0FFh -ABANK1=0100h-01FFh \
  -ABANK2=0200h-02FFh -ABANK3=0300h-03FFh -ABANK4=0400h-04FFh \
  -ABANK5=0500h-05FFh -ASFR=0D00h-0DFFhx2,0F00h-0F5Fh,0F60h-0FFFh \
  -ABIGSFR=0D00h-0FFFh -ACONFIG=0300000h-030000Dh -AIDLOC=0200000h-0200007h \
  -AEEDATA=0F00000h-0F000FFh -peeprom_data=EEDATA \
  -preset_vec=00h,intcode,intcodelo,powerup,init -pramtop=0600h \
  -psmallconst=SMALLCONST -pmediumconst=MEDIUMCONST -pconst=CONST \
  -AFARRAM=00h-00h \
  -prdata=COMRAM,nvrram=COMRAM,nvbit=COMRAM,rbss=COMRAM,rbit=COMRAM \
  -pfarbss=FARRAM,fardata=FARRAM,nvFARRAM=FARRAM \
  -pintsave_regs=BIGRAM,bigbss=BIGRAM,bigdata=BIGRAM -pbss=RAM \
  -pidata=CODE,irdata=CODE,ibigdata=CODE,ifardata=CODE -prparam=COMRAM \
  C:\Users\MANIKA~1\AppData\Local\Temp\xcAsi90.\driver_tmp_9.o \
  dist/default/production\Carblackbox.X.production.o 

Object code version is 3.11

Machine type is 18F4580



                Name                               Link     Load   Length Selector   Space Scale
C:\Users\MANIKA~1\AppData\Local\Temp\xcAsi90.\driver_tmp_9.o
                idloc                            200000   200000        8        0       5
                config                           300000   300000        E        0       4
                init                                  0        0        4        0       0
dist/default/production\Carblackbox.X.production.o
                idloc                            200000   200000        8        0       5
                config                           300000   300000        E        0       4
                smallconst                          600      600       2C      300       0
                text12                              934      934       32      316       0
                text11                              8BE      8BE       44      316       0
                text10                              9A2      9A2       18      316       0
                text9                               9BA      9BA       16      316       0
                text8                               86C      86C       52      316       0
                text7                               62C      62C       C6      316       0
                text6                               966      966       22      316       0
                text5                               6F2      6F2       B0      316       0
                text4                               9E2      9E2        E      4F1       0
                text3                               9F0      9F0        A      4F1       0
                text2                               818      818       54      316       0
                text1                               7A2      7A2       76      316       0
                text0                               988      988       1A      316       0
                cstackCOMRAM                         12       12        9        1       1
                dataCOMRAM                            1        1       11        1       1
                bssCOMRAM                            1B       1B        2        1       1
                cinit                               902      902       32      316       0
                idataCOMRAM                         9D0      9D0       11      316       0

TOTAL           Name                               Link     Load   Length     Space
        CLASS   CODE           
                init                                  0        0        4         0
                text12                              934      934       32         0
                text11                              8BE      8BE       44         0
                text10                              9A2      9A2       18         0
                text9                               9BA      9BA       16         0
                text8                               86C      86C       52         0
                text7                               62C      62C       C6         0
                text6                               966      966       22         0
                text5                               6F2      6F2       B0         0
                text4                               9E2      9E2        E         0
                text3                               9F0      9F0        A         0
                text2                               818      818       54         0
                text1                               7A2      7A2       76         0
                text0                               988      988       1A         0
                cinit                               902      902       32         0
                idataCOMRAM                         9D0      9D0       11         0

        CLASS   CONST          

        CLASS   SMALLCONST     
                smallconst                          600      600       2C         0

        CLASS   MEDIUMCONST    

        CLASS   COMRAM         
                cstackCOMRAM                         12       12        9         1
                dataCOMRAM                            1        1       11         1
                bssCOMRAM                            1B       1B        2         1

        CLASS   ABS1           

        CLASS   BIGRAM         

        CLASS   RAM            

        CLASS   BANK0          

        CLASS   BANK1          

        CLASS   BANK2          

        CLASS   BANK3          

        CLASS   BANK4          

        CLASS   BANK5          

        CLASS   SFR            

        CLASS   BIGSFR         

        CLASS   CONFIG         
                config                           300000   300000        E         4

        CLASS   IDLOC          
                idloc                            200000   200000        8         5

        CLASS   EEDATA         

        CLASS   FARRAM         

        CLASS   HEAP           

        CLASS   STACK          



SEGMENTS        Name                           Load    Length   Top    Selector   Space  Class

                reset_vec                      000000  000004  000004         0       0  CODE    
                dataCOMRAM                     000001  00001C  00001D         1       1  COMRAM  
                smallconst                     000600  00002C  00062C       300       0  SMALLCON
                text7                          00062C  0003B5  0009E1       316       0  CODE    
                text4                          0009E2  000018  0009FA       4F1       0  CODE    


UNUSED ADDRESS RANGES

        Name                Unused          Largest block    Delta
        BANK0            000060-0000FF               A0
        BANK1            000100-0001FF              100
        BANK2            000200-0002FF              100
        BANK3            000300-0003FF              100
        BANK4            000400-0004FF              100
        BANK5            000500-0005FF              100
        BIGRAM           00001D-0005FF              5E3
        BIGSFR           000D00-000FFF              300
        CODE             000004-0005FF              5FC
                         0009E1-0009E1                1
                         0009FA-003000             2607
        COMRAM           00001D-00005F               43
        CONST            000004-0005FF              5FC
                         0009E1-0009E1                1
                         0009FA-003000             2607
        EEDATA           F00000-F000FF              100
        MEDIUMCONST      0009E1-0009E1                1
                         0009FA-003000             2607
        RAM              000060-0005FF              100
        SFR              000D00-000FFF              100
        SMALLCONST       0009E1-0009E1                1
                         0009FA-003000              100

                                  Symbol Table

_PORTB                     (abs)        000F81
_PORTBbits                 (abs)        000F81
_PORTCbits                 (abs)        000F82
_PORTD                     (abs)        000F83
_PORTDbits                 (abs)        000F83
_RBPU                      (abs)        007F8F
_TRISB                     (abs)        000F93
_TRISC                     (abs)        000F94
_TRISD                     (abs)        000F95
_TRISD7                    (abs)        007CAF
__HRAM                     (abs)        000000
__H__absolute__            __absolute__ 000000
__Habs1                    abs1         000000
__Hbank0                   bank0        000000
__Hbank1                   bank1        000000
__Hbank2                   bank2        000000
__Hbank3                   bank3        000000
__Hbank4                   bank4        000000
__Hbank5                   bank5        000000
__Hbigbss                  bigbss       000000
__Hbigdata                 bigdata      000000
__Hbigram                  bigram       000000
__Hbigsfr                  bigsfr       000000
__Hbss                     bss          000000
__HbssCOMRAM               bssCOMRAM    000000
__Hcinit                   cinit        000000
__Hclrtext                 clrtext      000000
__Hcomram                  comram       000000
__Hconfig                  config       30000E
__Hconst                   const        000000
__HcstackCOMRAM            cstackCOMRAM 000000
__Hdata                    data         000000
__HdataCOMRAM              dataCOMRAM   000000
__Heeprom_data             eeprom_data  000000
__Hfarbss                  farbss       000000
__Hfardata                 fardata      000000
__Hheap                    heap         000000
__Hibigdata                ibigdata     000000
__Hidata                   idata        000000
__HidataCOMRAM             idataCOMRAM  000000
__Hidloc                   idloc        200008
__Hifardata                ifardata     000000
__Hinit                    init         000004
__Hintcode                 intcode      000000
__Hintcode_body            intcode_body 000000
__Hintcodelo               intcodelo    000000
__Hintentry                intentry     000000
__Hintret                  intret       000000
__Hintsave_regs            intsave_regs 000000
__Hirdata                  irdata       000000
__Hmediumconst             mediumconst  000000
__HnvFARRAM                nvFARRAM     000000
__Hnvbit                   nvbit        000000
__Hnvrram                  nvrram       000000
__Hparam                   rparam       000000
__Hpowerup                 powerup      000000
__Hram                     ram          000000
__Hramtop                  ramtop       000600
__Hrbit                    rbit         000000
__Hrbss                    rbss         000000
__Hrdata                   rdata        000000
__Hreset_vec               reset_vec    000000
__Hrparam                  rparam       000000
__Hsfr                     sfr          000000
__Hsmallconst              smallconst   00062C
__Hspace_0                 (abs)        0009FA
__Hspace_1                 (abs)        00001D
__Hspace_2                 (abs)        000000
__Hspace_4                 (abs)        60000E
__Hstack                   stack        000000
__Hstruct                  struct       000000
__Htemp                    temp         000000
__Htext                    text         000000
__Htext0                   text0        000000
__Htext1                   text1        000000
__Htext10                  text10       000000
__Htext11                  text11       000000
__Htext12                  text12       000000
__Htext2                   text2        000000
__Htext3                   text3        000000
__Htext4                   text4        000000
__Htext5                   text5        000000
__Htext6                   text6        000000
__Htext7                   text7        000000
__Htext8                   text8        000000
__Htext9                   text9        000000
__LRAM                     (abs)        000001
__L__absolute__            __absolute__ 000000
__Labs1                    abs1         000000
__Lbank0                   bank0        000000
__Lbank1                   bank1        000000
__Lbank2                   bank2        000000
__Lbank3                   bank3        000000
__Lbank4                   bank4        000000
__Lbank5                   bank5        000000
__Lbigbss                  bigbss       000000
__Lbigdata                 bigdata      000000
__Lbigram                  bigram       000000
__Lbigsfr                  bigsfr       000000
__Lbss                     bss          000000
__LbssCOMRAM               bssCOMRAM    000000
__Lcinit                   cinit        000000
__Lclrtext                 clrtext      000000
__Lcomram                  comram       000000
__Lconfig                  config       000000
__Lconst                   const        000000
__LcstackCOMRAM            cstackCOMRAM 000000
__Ldata                    data         000000
__LdataCOMRAM              dataCOMRAM   000000
__Leeprom_data             eeprom_data  000000
__Lfarbss                  farbss       000000
__Lfardata                 fardata      000000
__Lheap                    heap         000000
__Libigdata                ibigdata     000000
__Lidata                   idata        000000
__LidataCOMRAM             idataCOMRAM  000000
__Lidloc                   idloc        000000
__Lifardata                ifardata     000000
__Linit                    init         000000
__Lintcode                 intcode      000000
__Lintcode_body            intcode_body 000000
__Lintcodelo               intcodelo    000000
__Lintentry                intentry     000000
__Lintret                  intret       000000
__Lintsave_regs            intsave_regs 000000
__Lirdata                  irdata       000000
__Lmediumconst             mediumconst  000000
__LnvFARRAM                nvFARRAM     000000
__Lnvbit                   nvbit        000000
__Lnvrram                  nvrram       000000
__Lparam                   rparam       000000
__Lpowerup                 powerup      000000
__Lram                     ram          000000
__Lramtop                  ramtop       000600
__Lrbit                    rbit         000000
__Lrbss                    rbss         000000
__Lrdata                   rdata        000000
__Lreset_vec               reset_vec    000000
__Lrparam                  rparam       000000
__Lsfr                     sfr          000000
__Lsmallconst              smallconst   000600
__Lspace_0                 (abs)        000000
__Lspace_1                 (abs)        000000
__Lspace_2                 (abs)        000000
__Lspace_4                 (abs)        000000
__Lstack                   stack        000000
__Lstruct                  struct       000000
__Ltemp                    temp         000000
__Ltext                    text         000000
__Ltext0                   text0        000000
__Ltext1                   text1        000000
__Ltext10                  text10       000000
__Ltext11                  text11       000000
__Ltext12                  text12       000000
__Ltext2                   text2        000000
__Ltext3                   text3        000000
__Ltext4                   text4        000000
__Ltext5                   text5        000000
__Ltext6                   text6        000000
__Ltext7                   text7        000000
__Ltext8                   text8        000000
__Ltext9                   text9        000000
__S0                       (abs)        0009FA
__S1                       (abs)        00001D
__S4                       (abs)        000000
__S5                       (abs)        000000
___heap_hi                 (abs)        000000
___heap_lo                 (abs)        000000
___inthi_sp                stack        000000
___intlo_sp                stack        000000
___param_bank              (abs)        000000
___rparam_used             (abs)        000001
___sp                      stack        000000
__accesstop                (abs)        000060
__activetblptr             (abs)        000001
__end_of__initialization   cinit        000926
__end_of_clcd_print        text11       000902
__end_of_clcd_putch        text10       0009BA
__end_of_clcd_write        text12       000966
__end_of_display_dashboard text6        000988
__end_of_display_speed     text9        0009D0
__end_of_display_time      text8        0008BE
__end_of_gear_monitor      text7        0006F2
__end_of_init_clcd         text5        0007A2
__end_of_init_config       text3        0009FA
__end_of_init_matrixkeypad text4        0009F0
__end_of_main              text0        0009A2
__end_of_read_switches     text1        000818
__end_of_scan_key          text2        00086C
__initialization           cinit        000902
__mediumconst              mediumconst  000000
__pbssCOMRAM               bssCOMRAM    00001B
__pcinit                   cinit        000902
__pcstackCOMRAM            cstackCOMRAM 000012
__pdataCOMRAM              dataCOMRAM   000001
__pidataCOMRAM             idataCOMRAM  0009D0
__psmallconst              smallconst   000600
__ptext0                   text0        000988
__ptext1                   text1        0007A2
__ptext10                  text10       0009A2
__ptext11                  text11       0008BE
__ptext12                  text12       000934
__ptext2                   text2        000818
__ptext3                   text3        0009F0
__ptext4                   text4        0009E2
__ptext5                   text5        0006F2
__ptext6                   text6        000966
__ptext7                   text7        00062C
__ptext8                   text8        00086C
__ptext9                   text9        0009BA
__ramtop                   ramtop       000600
__smallconst               smallconst   000600
_clcd_print                text11       0008BE
_clcd_putch                text10       0009A2
_clcd_write                text12       000934
_display_dashboard         text6        000966
_display_speed             text9        0009BA
_display_time              text8        00086C
_gear_monitor              text7        00062C
_init_clcd                 text5        0006F2
_init_config               text3        0009F0
_init_matrixkeypad         text4        0009E2
_main                      text0        000988
_read_switches             text1        0007A2
_scan_key                  text2        000818
_signature                 dataCOMRAM   000001
clcd_print@addr            cstackCOMRAM 000016
clcd_print@data            cstackCOMRAM 000014
clcd_putch@addr            cstackCOMRAM 000014
clcd_putch@data            cstackCOMRAM 000015
clcd_write@byte            cstackCOMRAM 000013
clcd_write@control_bit     cstackCOMRAM 000012
display_dashboard@uckey    cstackCOMRAM 000019
end_of_initialization      cinit        000926
gear_monitor@signindex     bssCOMRAM    00001C
gear_monitor@uckey         cstackCOMRAM 000018
intlevel0                  text         000000
intlevel1                  text         000000
intlevel2                  text         000000
intlevel3                  text         000000
isa$std                    (abs)        000001
isa$xinst                  (abs)        000000
main@ucKey                 cstackCOMRAM 00001A
read_switches@ucdetection  cstackCOMRAM 000012
read_switches@uckey        bssCOMRAM    00001B
read_switches@uconce       dataCOMRAM   000011
stackhi                    (abs)        000000
stacklo                    (abs)        000000
start                      init         000000
start_initialization       cinit        000902


MODULE INFORMATION

Module		Function		Class		Link	Load	Size
car_black_box.c
		_display_time  		CODE           	086C	0000	82
		_display_speed 		CODE           	09BA	0000	22
		_display_dashboard		CODE           	0966	0000	34
		_gear_monitor  		CODE           	062C	0000	198

car_black_box.c estimated size: 336

shared
		__initialization		CODE           	0902	0000	36

shared estimated size: 36

clcd.c
		_clcd_write    		CODE           	0934	0000	50
		_clcd_print    		CODE           	08BE	0000	68
		_clcd_putch    		CODE           	09A2	0000	24
		_init_clcd     		CODE           	06F2	0000	176

clcd.c estimated size: 318

main.c
		_main          		CODE           	0988	0000	26
		_init_config   		CODE           	09F0	0000	10

main.c estimated size: 36

matrix_keyboard.c
		_read_switches 		CODE           	07A2	0000	118
		_scan_key      		CODE           	0818	0000	84
		_init_matrixkeypad		CODE           	09E2	0000	14

matrix_keyboard.c estimated size: 216

