Microchip MPLAB XC8 Compiler V2.41

Linker command line:

-W-3 \
  --edf=C:\Program Files\Microchip\xc8\v2.41\pic\dat\20230208172133_en.msgs \
  -cn -h+dist/default/production\Carblackbox.X.production.sym \
  --cmf=dist/default/production\Carblackbox.X.production.cmf -z -Q18F4580 \
  -oC:\Users\MANIKA~1\AppData\Local\Temp\xcAsjj0.\driver_tmp_3.o \
  --defsym=__MPLAB_BUILD=1 --fixupoverflow=error \
  -Mdist/default/production/Carblackbox.X.production.map \
  --md=C:\Users\MANIKA~1\AppData\Local\Temp\xcAsjj0.\driver_tmp_0.dat -E1 \
  -ver=XC8 Compiler --acfsm=1493 -ACODE=00h-03000h -ACONST=00h-03000h \
  -ASMALLCONST=0600h-06FFhx42,03000h-03000h -AMEDIUMCONST=0600h-03000h \
  -ACOMRAM=01h-05Fh -AABS1=00h-05FFh -ABIGRAM=01h-05FFh \
  -ARAM=060h-0FFh,0100h-01FFhx5 -ABANK0=060h-0FFh -ABANK1=0100h-01FFh \
  -ABANK2=0200h-02FFh -ABANK3=0300h-03FFh -ABANK4=0400h-04FFh \
  -ABANK5=0500h-05FFh -ASFR=0D00h-0DFFhx2,0F00h-0F5Fh,0F60h-0FFFh \
  -ABIGSFR=0D00h-0FFFh -ACONFIG=0300000h-030000Dh -AIDLOC=0200000h-0200007h \
  -AEEDATA=0F00000h-0F000FFh -peeprom_data=EEDATA \
  -preset_vec=00h,intcode,intcodelo,powerup,init -pramtop=0600h \
  -psmallconst=SMALLCONST -pmediumconst=MEDIUMCONST -pconst=CONST \
  -AFARRAM=00h-00h \
  -prdata=COMRAM,nvrram=COMRAM,nvbit=COMRAM,rbss=COMRAM,rbit=COMRAM \
  -pfarbss=FARRAM,fardata=FARRAM,nvFARRAM=FARRAM \
  -pintsave_regs=BIGRAM,bigbss=BIGRAM,bigdata=BIGRAM -pbss=RAM \
  -pidata=CODE,irdata=CODE,ibigdata=CODE,ifardata=CODE -prparam=COMRAM \
  C:\Users\MANIKA~1\AppData\Local\Temp\xcAsjj0.\driver_tmp_9.o \
  dist/default/production\Carblackbox.X.production.o 

Object code version is 3.11

Machine type is 18F4580



                Name                               Link     Load   Length Selector   Space Scale
C:\Users\MANIKA~1\AppData\Local\Temp\xcAsjj0.\driver_tmp_9.o
                idloc                            200000   200000        8        0       5
                config                           300000   300000        E        0       4
                init                                  0        0        4        0       0
dist/default/production\Carblackbox.X.production.o
                idloc                            200000   200000        8        0       5
                config                           300000   300000        E        0       4
                smallconst                          600      600       28      300       0
                text14                              AD0      AD0       32      314       0
                text13                              B9E      B9E       18      59A       0
                text12                              B34      B34       2A      59A       0
                text11                              A58      A58       44      314       0
                text10                              BB6      BB6       16      59A       0
                text9                               A06      A06       52      314       0
                text8                               792      792       FA      314       0
                text7                               B5E      B5E       26      59A       0
                text6                               628      628      16A      314       0
                text5                               88C      88C       B0      314       0
                text4                               BDA      BDA        E      59A       0
                text3                               BCC      BCC        E      59A       0
                text2                               9B2      9B2       54      314       0
                text1                               93C      93C       76      314       0
                text0                               B84      B84       1A      59A       0
                cstackCOMRAM                         32       32       2B        1       1
                dataCOMRAM                            1        1       31        1       1
                bssCOMRAM                            5D       5D        3        1       1
                cinit                               A9C      A9C       34      314       0
                idataCOMRAM                         B02      B02       31      314       0

TOTAL           Name                               Link     Load   Length     Space
        CLASS   CODE           
                init                                  0        0        4         0
                text14                              AD0      AD0       32         0
                text13                              B9E      B9E       18         0
                text12                              B34      B34       2A         0
                text11                              A58      A58       44         0
                text10                              BB6      BB6       16         0
                text9                               A06      A06       52         0
                text8                               792      792       FA         0
                text7                               B5E      B5E       26         0
                text6                               628      628      16A         0
                text5                               88C      88C       B0         0
                text4                               BDA      BDA        E         0
                text3                               BCC      BCC        E         0
                text2                               9B2      9B2       54         0
                text1                               93C      93C       76         0
                text0                               B84      B84       1A         0
                cinit                               A9C      A9C       34         0
                idataCOMRAM                         B02      B02       31         0

        CLASS   CONST          

        CLASS   SMALLCONST     
                smallconst                          600      600       28         0

        CLASS   MEDIUMCONST    

        CLASS   COMRAM         
                cstackCOMRAM                         32       32       2B         1
                dataCOMRAM                            1        1       31         1
                bssCOMRAM                            5D       5D        3         1

        CLASS   ABS1           

        CLASS   BIGRAM         

        CLASS   RAM            

        CLASS   BANK0          

        CLASS   BANK1          

        CLASS   BANK2          

        CLASS   BANK3          

        CLASS   BANK4          

        CLASS   BANK5          

        CLASS   SFR            

        CLASS   BIGSFR         

        CLASS   CONFIG         
                config                           300000   300000        E         4

        CLASS   IDLOC          
                idloc                            200000   200000        8         5

        CLASS   EEDATA         

        CLASS   FARRAM         

        CLASS   HEAP           

        CLASS   STACK          



SEGMENTS        Name                           Load    Length   Top    Selector   Space  Class

                reset_vec                      000000  000004  000004         0       0  CODE    
                dataCOMRAM                     000001  00005F  000060         1       1  COMRAM  
                smallconst                     000600  000028  000628       300       0  SMALLCON
                text6                          000628  00050B  000B33       314       0  CODE    
                text12                         000B34  0000B4  000BE8       59A       0  CODE    


UNUSED ADDRESS RANGES

        Name                Unused          Largest block    Delta
        BANK0            000060-0000FF               A0
        BANK1            000100-0001FF              100
        BANK2            000200-0002FF              100
        BANK3            000300-0003FF              100
        BANK4            000400-0004FF              100
        BANK5            000500-0005FF              100
        BIGRAM           000060-0005FF              5A0
        BIGSFR           000D00-000FFF              300
        CODE             000004-0005FF              5FC
                         000B33-000B33                1
                         000BE8-003000             2419
        CONST            000004-0005FF              5FC
                         000B33-000B33                1
                         000BE8-003000             2419
        EEDATA           F00000-F000FF              100
        MEDIUMCONST      000B33-000B33                1
                         000BE8-003000             2419
        RAM              000060-0005FF              100
        SFR              000D00-000FFF              100
        SMALLCONST       000B33-000B33                1
                         000BE8-003000              100

                                  Symbol Table

_PORTB                       (abs)        000F81
_PORTBbits                   (abs)        000F81
_PORTCbits                   (abs)        000F82
_PORTD                       (abs)        000F83
_PORTDbits                   (abs)        000F83
_RBPU                        (abs)        007F8F
_TRISB                       (abs)        000F93
_TRISC                       (abs)        000F94
_TRISD                       (abs)        000F95
_TRISD7                      (abs)        007CAF
__HRAM                       (abs)        000000
__H__absolute__              __absolute__ 000000
__Habs1                      abs1         000000
__Hbank0                     bank0        000000
__Hbank1                     bank1        000000
__Hbank2                     bank2        000000
__Hbank3                     bank3        000000
__Hbank4                     bank4        000000
__Hbank5                     bank5        000000
__Hbigbss                    bigbss       000000
__Hbigdata                   bigdata      000000
__Hbigram                    bigram       000000
__Hbigsfr                    bigsfr       000000
__Hbss                       bss          000000
__HbssCOMRAM                 bssCOMRAM    000000
__Hcinit                     cinit        000000
__Hclrtext                   clrtext      000000
__Hcomram                    comram       000000
__Hconfig                    config       30000E
__Hconst                     const        000000
__HcstackCOMRAM              cstackCOMRAM 000000
__Hdata                      data         000000
__HdataCOMRAM                dataCOMRAM   000000
__Heeprom_data               eeprom_data  000000
__Hfarbss                    farbss       000000
__Hfardata                   fardata      000000
__Hheap                      heap         000000
__Hibigdata                  ibigdata     000000
__Hidata                     idata        000000
__HidataCOMRAM               idataCOMRAM  000000
__Hidloc                     idloc        200008
__Hifardata                  ifardata     000000
__Hinit                      init         000004
__Hintcode                   intcode      000000
__Hintcode_body              intcode_body 000000
__Hintcodelo                 intcodelo    000000
__Hintentry                  intentry     000000
__Hintret                    intret       000000
__Hintsave_regs              intsave_regs 000000
__Hirdata                    irdata       000000
__Hmediumconst               mediumconst  000000
__HnvFARRAM                  nvFARRAM     000000
__Hnvbit                     nvbit        000000
__Hnvrram                    nvrram       000000
__Hparam                     rparam       000000
__Hpowerup                   powerup      000000
__Hram                       ram          000000
__Hramtop                    ramtop       000600
__Hrbit                      rbit         000000
__Hrbss                      rbss         000000
__Hrdata                     rdata        000000
__Hreset_vec                 reset_vec    000000
__Hrparam                    rparam       000000
__Hsfr                       sfr          000000
__Hsmallconst                smallconst   000628
__Hspace_0                   (abs)        000BE8
__Hspace_1                   (abs)        000060
__Hspace_2                   (abs)        000000
__Hspace_4                   (abs)        60000E
__Hstack                     stack        000000
__Hstruct                    struct       000000
__Htemp                      temp         000000
__Htext                      text         000000
__Htext0                     text0        000000
__Htext1                     text1        000000
__Htext10                    text10       000000
__Htext11                    text11       000000
__Htext12                    text12       000000
__Htext13                    text13       000000
__Htext14                    text14       000000
__Htext2                     text2        000000
__Htext3                     text3        000000
__Htext4                     text4        000000
__Htext5                     text5        000000
__Htext6                     text6        000000
__Htext7                     text7        000000
__Htext8                     text8        000000
__Htext9                     text9        000000
__LRAM                       (abs)        000001
__L__absolute__              __absolute__ 000000
__Labs1                      abs1         000000
__Lbank0                     bank0        000000
__Lbank1                     bank1        000000
__Lbank2                     bank2        000000
__Lbank3                     bank3        000000
__Lbank4                     bank4        000000
__Lbank5                     bank5        000000
__Lbigbss                    bigbss       000000
__Lbigdata                   bigdata      000000
__Lbigram                    bigram       000000
__Lbigsfr                    bigsfr       000000
__Lbss                       bss          000000
__LbssCOMRAM                 bssCOMRAM    000000
__Lcinit                     cinit        000000
__Lclrtext                   clrtext      000000
__Lcomram                    comram       000000
__Lconfig                    config       000000
__Lconst                     const        000000
__LcstackCOMRAM              cstackCOMRAM 000000
__Ldata                      data         000000
__LdataCOMRAM                dataCOMRAM   000000
__Leeprom_data               eeprom_data  000000
__Lfarbss                    farbss       000000
__Lfardata                   fardata      000000
__Lheap                      heap         000000
__Libigdata                  ibigdata     000000
__Lidata                     idata        000000
__LidataCOMRAM               idataCOMRAM  000000
__Lidloc                     idloc        000000
__Lifardata                  ifardata     000000
__Linit                      init         000000
__Lintcode                   intcode      000000
__Lintcode_body              intcode_body 000000
__Lintcodelo                 intcodelo    000000
__Lintentry                  intentry     000000
__Lintret                    intret       000000
__Lintsave_regs              intsave_regs 000000
__Lirdata                    irdata       000000
__Lmediumconst               mediumconst  000000
__LnvFARRAM                  nvFARRAM     000000
__Lnvbit                     nvbit        000000
__Lnvrram                    nvrram       000000
__Lparam                     rparam       000000
__Lpowerup                   powerup      000000
__Lram                       ram          000000
__Lramtop                    ramtop       000600
__Lrbit                      rbit         000000
__Lrbss                      rbss         000000
__Lrdata                     rdata        000000
__Lreset_vec                 reset_vec    000000
__Lrparam                    rparam       000000
__Lsfr                       sfr          000000
__Lsmallconst                smallconst   000600
__Lspace_0                   (abs)        000000
__Lspace_1                   (abs)        000000
__Lspace_2                   (abs)        000000
__Lspace_4                   (abs)        000000
__Lstack                     stack        000000
__Lstruct                    struct       000000
__Ltemp                      temp         000000
__Ltext                      text         000000
__Ltext0                     text0        000000
__Ltext1                     text1        000000
__Ltext10                    text10       000000
__Ltext11                    text11       000000
__Ltext12                    text12       000000
__Ltext13                    text13       000000
__Ltext14                    text14       000000
__Ltext2                     text2        000000
__Ltext3                     text3        000000
__Ltext4                     text4        000000
__Ltext5                     text5        000000
__Ltext6                     text6        000000
__Ltext7                     text7        000000
__Ltext8                     text8        000000
__Ltext9                     text9        000000
__S0                         (abs)        000BE8
__S1                         (abs)        000060
__S4                         (abs)        000000
__S5                         (abs)        000000
___heap_hi                   (abs)        000000
___heap_lo                   (abs)        000000
___inthi_sp                  stack        000000
___intlo_sp                  stack        000000
___param_bank                (abs)        000000
___rparam_used               (abs)        000001
___sp                        stack        000000
__accesstop                  (abs)        000060
__activetblptr               (abs)        000001
__end_of__initialization     cinit        000AC2
__end_of_car_animation       text12       000B5E
__end_of_clcd_print          text11       000A9C
__end_of_clcd_putch          text13       000BB6
__end_of_clcd_write          text14       000B02
__end_of_display_dashboard   text7        000B84
__end_of_display_speed       text10       000BCC
__end_of_display_time        text9        000A58
__end_of_gear_monitor        text8        00088C
__end_of_init_animation      text6        000792
__end_of_init_clcd           text5        00093C
__end_of_init_config         text3        000BDA
__end_of_init_matrixkeypad   text4        000BE8
__end_of_main                text0        000B9E
__end_of_read_switches       text1        0009B2
__end_of_scan_key            text2        000A06
__initialization             cinit        000A9C
__mediumconst                mediumconst  000000
__pbssCOMRAM                 bssCOMRAM    00005D
__pcinit                     cinit        000A9C
__pcstackCOMRAM              cstackCOMRAM 000032
__pdataCOMRAM                dataCOMRAM   000001
__pidataCOMRAM               idataCOMRAM  000B02
__psmallconst                smallconst   000600
__ptext0                     text0        000B84
__ptext1                     text1        00093C
__ptext10                    text10       000BB6
__ptext11                    text11       000A58
__ptext12                    text12       000B34
__ptext13                    text13       000B9E
__ptext14                    text14       000AD0
__ptext2                     text2        0009B2
__ptext3                     text3        000BCC
__ptext4                     text4        000BDA
__ptext5                     text5        00088C
__ptext6                     text6        000628
__ptext7                     text7        000B5E
__ptext8                     text8        000792
__ptext9                     text9        000A06
__ramtop                     ramtop       000600
__smallconst                 smallconst   000600
_car_animation               text12       000B34
_clcd_print                  text11       000A58
_clcd_putch                  text13       000B9E
_clcd_write                  text14       000AD0
_display_dashboard           text7        000B5E
_display_speed               text10       000BB6
_display_time                text9        000A06
_gear_monitor                text8        000792
_init_animation              text6        000628
_init_clcd                   text5        00088C
_init_config                 text3        000BCC
_init_matrixkeypad           text4        000BDA
_main                        text0        000B84
_read_switches               text1        00093C
_scan_key                    text2        0009B2
_signature                   dataCOMRAM   000001
clcd_print@addr              cstackCOMRAM 000036
clcd_print@data              cstackCOMRAM 000034
clcd_putch@addr              cstackCOMRAM 000034
clcd_putch@data              cstackCOMRAM 000035
clcd_write@byte              cstackCOMRAM 000033
clcd_write@control_bit       cstackCOMRAM 000032
display_dashboard@uckey      cstackCOMRAM 000039
end_of_initialization        cinit        000AC2
gear_monitor@crashflag       bssCOMRAM    00005E
gear_monitor@signindex       bssCOMRAM    00005F
gear_monitor@uckey           cstackCOMRAM 000038
init_animation@F10462        dataCOMRAM   000029
init_animation@F10464        dataCOMRAM   000021
init_animation@F10466        dataCOMRAM   000019
init_animation@F10468        dataCOMRAM   000011
init_animation@firsthalfcar  cstackCOMRAM 000034
init_animation@i             cstackCOMRAM 000054
init_animation@i_385         cstackCOMRAM 000056
init_animation@i_386         cstackCOMRAM 000058
init_animation@i_387         cstackCOMRAM 00005A
init_animation@m             cstackCOMRAM 000044
init_animation@n             cstackCOMRAM 00004C
init_animation@secondhalfcar cstackCOMRAM 00003C
intlevel0                    text         000000
intlevel1                    text         000000
intlevel2                    text         000000
intlevel3                    text         000000
isa$std                      (abs)        000001
isa$xinst                    (abs)        000000
main@ucKey                   cstackCOMRAM 00005C
read_switches@ucdetection    cstackCOMRAM 000032
read_switches@uckey          bssCOMRAM    00005D
read_switches@uconce         dataCOMRAM   000031
stackhi                      (abs)        000000
stacklo                      (abs)        000000
start                        init         000000
start_initialization         cinit        000A9C


MODULE INFORMATION

Module		Function		Class		Link	Load	Size
car_black_box.c
		_display_time  		CODE           	0A06	0000	82
		_display_speed 		CODE           	0BB6	0000	22
		_display_dashboard		CODE           	0B5E	0000	38
		_gear_monitor  		CODE           	0792	0000	250

car_black_box.c estimated size: 392

shared
		__initialization		CODE           	0A9C	0000	38

shared estimated size: 38

clcd.c
		_clcd_write    		CODE           	0AD0	0000	50
		_clcd_print    		CODE           	0A58	0000	68
		_clcd_putch    		CODE           	0B9E	0000	24
		_init_clcd     		CODE           	088C	0000	176

clcd.c estimated size: 318

car animation.c
		_car_animation 		CODE           	0B34	0000	42
		_init_animation		CODE           	0628	0000	362

car animation.c estimated size: 404

main.c
		_main          		CODE           	0B84	0000	26
		_init_config   		CODE           	0BCC	0000	14

main.c estimated size: 40

matrix_keyboard.c
		_read_switches 		CODE           	093C	0000	118
		_scan_key      		CODE           	09B2	0000	84
		_init_matrixkeypad		CODE           	0BDA	0000	14

matrix_keyboard.c estimated size: 216

